Archive member included because of file (symbol)

/Users/josh/.platformio/packages/toolchain-gccarmnoneeabi@1.40804.0/bin/../lib/gcc/arm-none-eabi/4.8.4/../../../../arm-none-eabi/lib/armv7-m/libc.a(lib_a-exit.o)
                              /Users/josh/.platformio/packages/toolchain-gccarmnoneeabi@1.40804.0/bin/../lib/gcc/arm-none-eabi/4.8.4/../../../../arm-none-eabi/lib/armv7-m/crt0.o (exit)
/Users/josh/.platformio/packages/toolchain-gccarmnoneeabi@1.40804.0/bin/../lib/gcc/arm-none-eabi/4.8.4/../../../../arm-none-eabi/lib/armv7-m/libc.a(lib_a-impure.o)
                              /Users/josh/.platformio/packages/toolchain-gccarmnoneeabi@1.40804.0/bin/../lib/gcc/arm-none-eabi/4.8.4/../../../../arm-none-eabi/lib/armv7-m/libc.a(lib_a-exit.o) (_global_impure_ptr)
/Users/josh/.platformio/packages/toolchain-gccarmnoneeabi@1.40804.0/bin/../lib/gcc/arm-none-eabi/4.8.4/../../../../arm-none-eabi/lib/armv7-m/libc.a(lib_a-init.o)
                              /Users/josh/.platformio/packages/toolchain-gccarmnoneeabi@1.40804.0/bin/../lib/gcc/arm-none-eabi/4.8.4/../../../../arm-none-eabi/lib/armv7-m/crt0.o (__libc_init_array)
/Users/josh/.platformio/packages/toolchain-gccarmnoneeabi@1.40804.0/bin/../lib/gcc/arm-none-eabi/4.8.4/../../../../arm-none-eabi/lib/armv7-m/libc.a(lib_a-memset.o)
                              /Users/josh/.platformio/packages/toolchain-gccarmnoneeabi@1.40804.0/bin/../lib/gcc/arm-none-eabi/4.8.4/../../../../arm-none-eabi/lib/armv7-m/crt0.o (memset)
/Users/josh/.platformio/packages/toolchain-gccarmnoneeabi@1.40804.0/bin/../lib/gcc/arm-none-eabi/4.8.4/../../../../arm-none-eabi/lib/armv7-m/libc.a(lib_a-__call_atexit.o)
                              /Users/josh/.platformio/packages/toolchain-gccarmnoneeabi@1.40804.0/bin/../lib/gcc/arm-none-eabi/4.8.4/../../../../arm-none-eabi/lib/armv7-m/libc.a(lib_a-exit.o) (__call_exitprocs)
/Users/josh/.platformio/packages/toolchain-gccarmnoneeabi@1.40804.0/bin/../lib/gcc/arm-none-eabi/4.8.4/../../../../arm-none-eabi/lib/armv7-m/libc.a(lib_a-atexit.o)
                              /Users/josh/.platformio/packages/toolchain-gccarmnoneeabi@1.40804.0/bin/../lib/gcc/arm-none-eabi/4.8.4/../../../../arm-none-eabi/lib/armv7-m/libc.a(lib_a-__call_atexit.o) (atexit)
/Users/josh/.platformio/packages/toolchain-gccarmnoneeabi@1.40804.0/bin/../lib/gcc/arm-none-eabi/4.8.4/../../../../arm-none-eabi/lib/armv7-m/libc.a(lib_a-fini.o)
                              /Users/josh/.platformio/packages/toolchain-gccarmnoneeabi@1.40804.0/bin/../lib/gcc/arm-none-eabi/4.8.4/../../../../arm-none-eabi/lib/armv7-m/libc.a(lib_a-__call_atexit.o) (__libc_fini_array)
/Users/josh/.platformio/packages/toolchain-gccarmnoneeabi@1.40804.0/bin/../lib/gcc/arm-none-eabi/4.8.4/../../../../arm-none-eabi/lib/armv7-m/libc.a(lib_a-__atexit.o)
                              /Users/josh/.platformio/packages/toolchain-gccarmnoneeabi@1.40804.0/bin/../lib/gcc/arm-none-eabi/4.8.4/../../../../arm-none-eabi/lib/armv7-m/libc.a(lib_a-atexit.o) (__register_exitproc)
/Users/josh/.platformio/packages/toolchain-gccarmnoneeabi@1.40804.0/bin/../lib/gcc/arm-none-eabi/4.8.4/../../../../arm-none-eabi/lib/armv7-m/libnosys.a(_exit.o)
                              /Users/josh/.platformio/packages/toolchain-gccarmnoneeabi@1.40804.0/bin/../lib/gcc/arm-none-eabi/4.8.4/../../../../arm-none-eabi/lib/armv7-m/libc.a(lib_a-exit.o) (_exit)
.pioenvs/bluepill_f103c8/libFrameworkArduinoVariant.a(board.o)
                              .pioenvs/bluepill_f103c8/src/speeduino.ino.o (Serial2)
.pioenvs/bluepill_f103c8/libFrameworkArduinoVariant.a(start.o)
                              (__start__)
.pioenvs/bluepill_f103c8/libFrameworkArduinoVariant.a(start_c.o)
                              (start_c)
.pioenvs/bluepill_f103c8/libFrameworkArduino.a(HardwareSerial.o)
                              .pioenvs/bluepill_f103c8/src/speeduino.ino.o (HardwareSerial::read())
.pioenvs/bluepill_f103c8/libFrameworkArduino.a(HardwareTimer.o)
                              .pioenvs/bluepill_f103c8/src/speeduino.ino.o (HardwareTimer::resume())
.pioenvs/bluepill_f103c8/libFrameworkArduino.a(Print.o)
                              .pioenvs/bluepill_f103c8/libFrameworkArduino.a(HardwareSerial.o) (Print::write(char const*))
.pioenvs/bluepill_f103c8/libFrameworkArduino.a(cxxabi-compat.o)
                              .pioenvs/bluepill_f103c8/libFrameworkArduino.a(HardwareSerial.o) (__cxa_pure_virtual)
.pioenvs/bluepill_f103c8/libFrameworkArduino.a(ext_interrupts.o)
                              .pioenvs/bluepill_f103c8/src/speeduino.ino.o (attachInterrupt(unsigned char, void (*)(), ExtIntTriggerMode))
.pioenvs/bluepill_f103c8/libFrameworkArduino.a(adc_f1.o)
                              (__irq_adc)
.pioenvs/bluepill_f103c8/libFrameworkArduino.a(dma_f1.o)
                              (__irq_dma1_channel1)
.pioenvs/bluepill_f103c8/libFrameworkArduino.a(exc.o)
                              (__exc_hardfault)
.pioenvs/bluepill_f103c8/libFrameworkArduino.a(exti.o)
[...]
Memory Configuration

Name             Origin             Length             Attributes
ram              0x0000000020000000 0x0000000000005000 xrw
rom              0x0000000008000000 0x0000000000010000 xr
*default*        0x0000000000000000 0xffffffffffffffff

Linker script and memory map

LOAD /Users/josh/.platformio/packages/toolchain-gccarmnoneeabi@1.40804.0/bin/../lib/gcc/arm-none-eabi/4.8.4/armv7-m/crti.o
LOAD /Users/josh/.platformio/packages/toolchain-gccarmnoneeabi@1.40804.0/bin/../lib/gcc/arm-none-eabi/4.8.4/armv7-m/crtbegin.o
LOAD /Users/josh/.platformio/packages/toolchain-gccarmnoneeabi@1.40804.0/bin/../lib/gcc/arm-none-eabi/4.8.4/../../../../arm-none-eabi/lib/armv7-m/crt0.o
START GROUP
LOAD /Users/josh/.platformio/packages/toolchain-gccarmnoneeabi@1.40804.0/bin/../lib/gcc/arm-none-eabi/4.8.4/armv7-m/libgcc.a
LOAD /Users/josh/.platformio/packages/toolchain-gccarmnoneeabi@1.40804.0/bin/../lib/gcc/arm-none-eabi/4.8.4/../../../../arm-none-eabi/lib/armv7-m/libc.a
LOAD /Users/josh/.platformio/packages/toolchain-gccarmnoneeabi@1.40804.0/bin/../lib/gcc/arm-none-eabi/4.8.4/../../../../arm-none-eabi/lib/armv7-m/libm.a
END GROUP
START GROUP
LOAD /Users/josh/.platformio/packages/toolchain-gccarmnoneeabi@1.40804.0/bin/../lib/gcc/arm-none-eabi/4.8.4/../../../../arm-none-eabi/lib/armv7-m/libnosys.a
END GROUP
                0x0000000020005000                PROVIDE (__msp_init, (ORIGIN (ram) + 0x5000))
                0x000000000800baac                PROVIDE (__exc_reset, __start__)

.text           0x0000000008000000     0xe868
                0x0000000008000000                __text_start__ = .
 *(.stm32.interrupt_vector)
 .stm32.interrupt_vector
                0x0000000008000000       0xec .pioenvs/bluepill_f103c8/libFrameworkArduino.a(vector_table.o)
                0x0000000008000000                __stm32_vector_table
 *(.text .text.* .gnu.linkonce.t.*)
 .text          0x00000000080000ec       0x54 /Users/josh/.platformio/packages/toolchain-gccarmnoneeabi@1.40804.0/bin/../lib/gcc/arm-none-eabi/4.8.4/armv7-m/crtbegin.o
 .text.exit     0x0000000008000140       0x20 /Users/josh/.platformio/packages/toolchain-gccarmnoneeabi@1.40804.0/bin/../lib/gcc/arm-none-eabi/4.8.4/../../../../arm-none-eabi/lib/armv7-m/libc.a(lib_a-exit.o)
                0x0000000008000140                exit
 .text.__libc_init_array
                0x0000000008000160       0x50 /Users/josh/.platformio/packages/toolchain-gccarmnoneeabi@1.40804.0/bin/../lib/gcc/arm-none-eabi/4.8.4/../../../../arm-none-eabi/lib/armv7-m/libc.a(lib_a-init.o)
                0x0000000008000160                __libc_init_array
 .text.startup.register_fini
                0x00000000080001b0       0x14 /Users/josh/.platformio/packages/toolchain-gccarmnoneeabi@1.40804.0/bin/../lib/gcc/arm-none-eabi/4.8.4/../../../../arm-none-eabi/lib/armv7-m/libc.a(lib_a-__call_atexit.o)
 .text.__call_exitprocs
                0x00000000080001c4       0xf0 /Users/josh/.platformio/packages/toolchain-gccarmnoneeabi@1.40804.0/bin/../lib/gcc/arm-none-eabi/4.8.4/../../../../arm-none-eabi/lib/armv7-m/libc.a(lib_a-__call_atexit.o)
                0x00000000080001c4                __call_exitprocs
 .text.atexit   0x00000000080002b4        0xc /Users/josh/.platformio/packages/toolchain-gccarmnoneeabi@1.40804.0/bin/../lib/gcc/arm-none-eabi/4.8.4/../../../../arm-none-eabi/lib/armv7-m/libc.a(lib_a-atexit.o)
                0x00000000080002b4                atexit
 .text.__libc_fini_array
                0x00000000080002c0       0x30 /Users/josh/.platformio/packages/toolchain-gccarmnoneeabi@1.40804.0/bin/../lib/gcc/arm-none-eabi/4.8.4/../../../../arm-none-eabi/lib/armv7-m/libc.a(lib_a-fini.o)
                0x00000000080002c0                __libc_fini_array
 .text.__register_exitproc
                0x00000000080002f0       0xa8 /Users/josh/.platformio/packages/toolchain-gccarmnoneeabi@1.40804.0/bin/../lib/gcc/arm-none-eabi/4.8.4/../../../../arm-none-eabi/lib/armv7-m/libc.a(lib_a-__atexit.o)
                0x00000000080002f0                __register_exitproc
 .text._exit    0x0000000008000398        0x4 /Users/josh/.platformio/packages/toolchain-gccarmnoneeabi@1.40804.0/bin/../lib/gcc/arm-none-eabi/4.8.4/../../../../arm-none-eabi/lib/armv7-m/libnosys.a(_exit.o)
                0x0000000008000398                _exit
 .text._ZL6microsv
                0x000000000800039c       0x34 .pioenvs/bluepill_f103c8/src/speeduino.ino.o
 .text._ZL9setFilterm
                0x00000000080003d0       0x34 .pioenvs/bluepill_f103c8/src/speeduino.ino.o
 .text._ZL14crankingGetRPMh
                0x0000000008000404       0x74 .pioenvs/bluepill_f103c8/src/speeduino.ino.o
 .text._Z23triggerSec_missingToothv
                0x0000000008000478        0xc .pioenvs/bluepill_f103c8/src/speeduino.ino.o
                0x0000000008000478                triggerSec_missingTooth()
 .text._Z31triggerSetEndTeeth_missingToothv
                0x0000000008000484      0x144 .pioenvs/bluepill_f103c8/src/speeduino.ino.o
                0x0000000008000484                triggerSetEndTeeth_missingTooth()
 .text._Z28triggerSetEndTeeth_DualWheelv
                0x00000000080005c8      0x144 .pioenvs/bluepill_f103c8/src/speeduino.ino.o
                0x00000000080005c8                triggerSetEndTeeth_DualWheel()
 .text._Z35triggerSetEndTeeth_BasicDistributorv
                0x000000000800070c       0x64 .pioenvs/bluepill_f103c8/src/speeduino.ino.o
                0x000000000800070c                triggerSetEndTeeth_BasicDistributor()
 .text._Z23triggerSetEndTeeth_GM7Xv
                0x0000000008000770        0x2 .pioenvs/bluepill_f103c8/src/speeduino.ino.o
                0x0000000008000770                triggerSetEndTeeth_GM7X()
 *fill*         0x0000000008000772        0x2 
 .text._Z23triggerSetEndTeeth_4G63v
                0x0000000008000774       0x28 .pioenvs/bluepill_f103c8/src/speeduino.ino.o
                0x0000000008000774                triggerSetEndTeeth_4G63()
 .text._Z14triggerSec_24Xv
                0x000000000800079c        0xc .pioenvs/bluepill_f103c8/src/speeduino.ino.o
                0x000000000800079c                triggerSec_24X()
 .text._Z22triggerSetEndTeeth_24Xv
                0x00000000080007a8        0x2 .pioenvs/bluepill_f103c8/src/speeduino.ino.o
                0x00000000080007a8                triggerSetEndTeeth_24X()
 *fill*         0x00000000080007aa        0x2 
 .text._Z19triggerSec_Jeep2000v
                0x00000000080007ac        0xc .pioenvs/bluepill_f103c8/src/speeduino.ino.o
                0x00000000080007ac                triggerSec_Jeep2000()
 .text._Z27triggerSetEndTeeth_Jeep2000v
                0x00000000080007b8        0x2 .pioenvs/bluepill_f103c8/src/speeduino.ino.o
                0x00000000080007b8                triggerSetEndTeeth_Jeep2000()
 *fill*         0x00000000080007ba        0x2 
 .text._Z18triggerSec_Audi135v
                0x00000000080007bc       0x60 .pioenvs/bluepill_f103c8/src/speeduino.ino.o
                0x00000000080007bc                triggerSec_Audi135()
 .text._Z26triggerSetEndTeeth_Audi135v
                0x000000000800081c        0x2 .pioenvs/bluepill_f103c8/src/speeduino.ino.o
                0x000000000800081c                triggerSetEndTeeth_Audi135()
 .text._Z19triggerSec_HondaD17v
                0x000000000800081e        0x2 .pioenvs/bluepill_f103c8/src/speeduino.ino.o
                0x000000000800081e                triggerSec_HondaD17()
 .text._Z27triggerSetEndTeeth_HondaD17v
                0x0000000008000820        0x2 .pioenvs/bluepill_f103c8/src/speeduino.ino.o
                0x0000000008000820                triggerSetEndTeeth_HondaD17()
 .text._Z28triggerSetEndTeeth_Miata9905v
                0x0000000008000822        0x2 .pioenvs/bluepill_f103c8/src/speeduino.ino.o
                0x0000000008000822                triggerSetEndTeeth_Miata9905()
 .text._Z26triggerSetEndTeeth_MazdaAUv
                0x0000000008000824        0x2 .pioenvs/bluepill_f103c8/src/speeduino.ino.o
                0x0000000008000824                triggerSetEndTeeth_MazdaAU()
 .text._Z25triggerSetEndTeeth_Non360v
                0x0000000008000826        0x2 .pioenvs/bluepill_f103c8/src/speeduino.ino.o
                0x0000000008000826                triggerSetEndTeeth_Non360()
 .text._Z23getCrankAngle_Nissan360i
                0x0000000008000828       0x64 .pioenvs/bluepill_f103c8/src/speeduino.ino.o
                0x0000000008000828                getCrankAngle_Nissan360(int)
 .text._Z28triggerSetEndTeeth_Nissan360v
                0x000000000800088c       0x70 .pioenvs/bluepill_f103c8/src/speeduino.ino.o
                0x000000000800088c                triggerSetEndTeeth_Nissan360()
 .text._Z19triggerSec_Subaru67v
                0x00000000080008fc       0x34 .pioenvs/bluepill_f103c8/src/speeduino.ino.o
                0x00000000080008fc                triggerSec_Subaru67()
 .text._Z27triggerSetEndTeeth_Subaru67v
                0x0000000008000930        0x2 .pioenvs/bluepill_f103c8/src/speeduino.ino.o
                0x0000000008000930                triggerSetEndTeeth_Subaru67()
 .text._Z27triggerSetEndTeeth_Daihatsuv
                0x0000000008000932        0x2 .pioenvs/bluepill_f103c8/src/speeduino.ino.o
                0x0000000008000932                triggerSetEndTeeth_Daihatsu()
 .text._Z25triggerSetEndTeeth_Harleyv
                0x0000000008000934        0x2 .pioenvs/bluepill_f103c8/src/speeduino.ino.o
                0x0000000008000934                triggerSetEndTeeth_Harley()
 .text._Z12nullCallbackv
                0x0000000008000936        0x2 .pioenvs/bluepill_f103c8/src/speeduino.ino.o
                0x0000000008000936                nullCallback()
 .text._Z9flexPulsev
                0x0000000008000938       0x10 .pioenvs/bluepill_f103c8/src/speeduino.ino.o
                0x0000000008000938                flexPulse()
 .text._Z22endTrailingCoilCharge2v
                0x0000000008000948       0x30 .pioenvs/bluepill_f103c8/src/speeduino.ino.o
                0x0000000008000948                endTrailingCoilCharge2()
 .text._Z22endTrailingCoilCharge1v
                0x0000000008000978       0x30 .pioenvs/bluepill_f103c8/src/speeduino.ino.o
                0x0000000008000978                endTrailingCoilCharge1()
 .text._Z23beginTrailingCoilChargev
                0x00000000080009a8       0x14 .pioenvs/bluepill_f103c8/src/speeduino.ino.o
                0x00000000080009a8                beginTrailingCoilCharge()
 .text._Z14endCoil1Chargev
                0x00000000080009bc       0x30 .pioenvs/bluepill_f103c8/src/speeduino.ino.o
                0x00000000080009bc                endCoil1Charge()
 .text._Z14endCoil2Chargev
                0x00000000080009ec       0x30 .pioenvs/bluepill_f103c8/src/speeduino.ino.o
                0x00000000080009ec                endCoil2Charge()
 .text._Z14endCoil3Chargev
                0x0000000008000a1c       0x30 .pioenvs/bluepill_f103c8/src/speeduino.ino.o
                0x0000000008000a1c                endCoil3Charge()
 .text._Z14endCoil4Chargev
                0x0000000008000a4c       0x30 .pioenvs/bluepill_f103c8/src/speeduino.ino.o
                0x0000000008000a4c                endCoil4Charge()
 .text._Z19triggerPri_Daihatsuv
                0x0000000008000a7c      0x12c .pioenvs/bluepill_f103c8/src/speeduino.ino.o
                0x0000000008000a7c                triggerPri_Daihatsu()
 .text._Z14endCoil5Chargev
                0x0000000008000ba8       0x30 .pioenvs/bluepill_f103c8/src/speeduino.ino.o
                0x0000000008000ba8                endCoil5Charge()
 .text._ZL14isStepperHomedv
                0x0000000008000bd8       0x60 .pioenvs/bluepill_f103c8/src/speeduino.ino.o
 .text._ZL16checkForSteppingv
                0x0000000008000c38       0x6c .pioenvs/bluepill_f103c8/src/speeduino.ino.o
 .text._ZL6doStepv
                0x0000000008000ca4       0x7c .pioenvs/bluepill_f103c8/src/speeduino.ino.o
 .text._Z18endCoil1and3Chargev
                0x0000000008000d20       0x3c .pioenvs/bluepill_f103c8/src/speeduino.ino.o
                0x0000000008000d20                endCoil1and3Charge()
 .text._Z18endCoil2and4Chargev
                0x0000000008000d5c       0x3c .pioenvs/bluepill_f103c8/src/speeduino.ino.o
                0x0000000008000d5c                endCoil2and4Charge()
 .text._Z26getCrankAngle_missingToothi
                0x0000000008000d98       0x88 .pioenvs/bluepill_f103c8/src/speeduino.ino.o
                0x0000000008000d98                getCrankAngle_missingTooth(int)
 .text._Z23getCrankAngle_DualWheeli
                0x0000000008000e20       0x88 .pioenvs/bluepill_f103c8/src/speeduino.ino.o
                0x0000000008000e20                getCrankAngle_DualWheel(int)
 .text._Z30getCrankAngle_BasicDistributori
                0x0000000008000ea8       0x74 .pioenvs/bluepill_f103c8/src/speeduino.ino.o
                0x0000000008000ea8                getCrankAngle_BasicDistributor(int)
 .text._Z18getCrankAngle_GM7Xi
                0x0000000008000f1c       0x80 .pioenvs/bluepill_f103c8/src/speeduino.ino.o
                0x0000000008000f1c                getCrankAngle_GM7X(int)
 .text._Z17getCrankAngle_24Xi
                0x0000000008000f9c       0x80 .pioenvs/bluepill_f103c8/src/speeduino.ino.o
                0x0000000008000f9c                getCrankAngle_24X(int)
 .text._Z22getCrankAngle_Jeep2000i
                0x000000000800101c       0x84 .pioenvs/bluepill_f103c8/src/speeduino.ino.o
                0x000000000800101c                getCrankAngle_Jeep2000(int)
 .text._Z21getCrankAngle_Audi135i
                0x00000000080010a0       0x8c .pioenvs/bluepill_f103c8/src/speeduino.ino.o
                0x00000000080010a0                getCrankAngle_Audi135(int)
 .text._Z22getCrankAngle_HondaD17i
                0x000000000800112c       0x84 .pioenvs/bluepill_f103c8/src/speeduino.ino.o
                0x000000000800112c                getCrankAngle_HondaD17(int)
 .text._Z20getCrankAngle_non360i
                0x00000000080011b0       0x80 .pioenvs/bluepill_f103c8/src/speeduino.ino.o
                0x00000000080011b0                getCrankAngle_non360(int)
 .text._Z22getCrankAngle_Daihatsui
                0x0000000008001230       0x74 .pioenvs/bluepill_f103c8/src/speeduino.ino.o
                0x0000000008001230                getCrankAngle_Daihatsu(int)
 .text._Z20getCrankAngle_Harleyi
                0x00000000080012a4       0x74 .pioenvs/bluepill_f103c8/src/speeduino.ino.o
                0x00000000080012a4                getCrankAngle_Harley(int)
 .text._ZL14boostInterruptv
                0x0000000008001318       0x70 .pioenvs/bluepill_f103c8/src/speeduino.ino.o
 .text._ZL12vvtInterruptv
                0x0000000008001388       0x70 .pioenvs/bluepill_f103c8/src/speeduino.ino.o
 .text._ZL16addToothLogEntrym
                0x00000000080013f8       0x48 .pioenvs/bluepill_f103c8/src/speeduino.ino.o
 .text._Z20triggerPri_Miata9905v
                0x0000000008001440      0x200 .pioenvs/bluepill_f103c8/src/speeduino.ino.o
                0x0000000008001440                triggerPri_Miata9905()
 .text._Z19triggerPri_Subaru67v
                0x0000000008001640      0x10c .pioenvs/bluepill_f103c8/src/speeduino.ino.o
                0x0000000008001640                triggerPri_Subaru67()
 .text._ZL9stdGetRPMv
                0x000000000800174c       0x6c .pioenvs/bluepill_f103c8/src/speeduino.ino.o
 .text._Z11getRPM_GM7Xv
                0x00000000080017b8        0x4 .pioenvs/bluepill_f103c8/src/speeduino.ino.o
                0x00000000080017b8                getRPM_GM7X()
 .text._Z10getRPM_24Xv
                0x00000000080017bc        0x4 .pioenvs/bluepill_f103c8/src/speeduino.ino.o
                0x00000000080017bc                getRPM_24X()
 .text._Z15getRPM_Jeep2000v
                0x00000000080017c0        0x4 .pioenvs/bluepill_f103c8/src/speeduino.ino.o
                0x00000000080017c0                getRPM_Jeep2000()
 .text._Z14getRPM_Audi135v
                0x00000000080017c4        0x4 .pioenvs/bluepill_f103c8/src/speeduino.ino.o
                0x00000000080017c4                getRPM_Audi135()
 .text._Z15getRPM_HondaD17v
                0x00000000080017c8        0x4 .pioenvs/bluepill_f103c8/src/speeduino.ino.o
                0x00000000080017c8                getRPM_HondaD17()
 .text._Z15getRPM_Daihatsuv
                0x00000000080017cc        0xc .pioenvs/bluepill_f103c8/src/speeduino.ino.o
                0x00000000080017cc                getRPM_Daihatsu()
 .text._ZL16doPerToothTimingt
                0x00000000080017d8      0x100 .pioenvs/bluepill_f103c8/src/speeduino.ino.o
 .text._Z23triggerPri_missingToothv
                0x00000000080018d8      0x134 .pioenvs/bluepill_f103c8/src/speeduino.ino.o
                0x00000000080018d8                triggerPri_missingTooth()
 .text._Z19getRPM_missingToothv
                0x0000000008001a0c       0x54 .pioenvs/bluepill_f103c8/src/speeduino.ino.o
                0x0000000008001a0c                getRPM_missingTooth()
 .text._Z20triggerPri_DualWheelv
                0x0000000008001a60       0xdc .pioenvs/bluepill_f103c8/src/speeduino.ino.o
                0x0000000008001a60                triggerPri_DualWheel()
 .text._Z20triggerSec_DualWheelv
                0x0000000008001b3c       0x9c .pioenvs/bluepill_f103c8/src/speeduino.ino.o
                0x0000000008001b3c                triggerSec_DualWheel()
 .text._Z16getRPM_DualWheelv
                0x0000000008001bd8       0x34 .pioenvs/bluepill_f103c8/src/speeduino.ino.o
                0x0000000008001bd8                getRPM_DualWheel()
 .text._Z23getRPM_BasicDistributorv
                0x0000000008001c0c       0x3c .pioenvs/bluepill_f103c8/src/speeduino.ino.o
                0x0000000008001c0c                getRPM_BasicDistributor()
 .text._Z15triggerPri_GM7Xv
                0x0000000008001c48       0xac .pioenvs/bluepill_f103c8/src/speeduino.ino.o
                0x0000000008001c48                triggerPri_GM7X()
 .text._Z11getRPM_4G63v
                0x0000000008001cf4       0x9c .pioenvs/bluepill_f103c8/src/speeduino.ino.o
                0x0000000008001cf4                getRPM_4G63()
 .text._Z18getCrankAngle_4G63i
                0x0000000008001d90       0x78 .pioenvs/bluepill_f103c8/src/speeduino.ino.o
                0x0000000008001d90                getCrankAngle_4G63(int)
 .text._Z14triggerPri_24Xv
                0x0000000008001e08       0x80 .pioenvs/bluepill_f103c8/src/speeduino.ino.o
                0x0000000008001e08                triggerPri_24X()
 .text._Z19triggerPri_Jeep2000v
                0x0000000008001e88       0x9c .pioenvs/bluepill_f103c8/src/speeduino.ino.o
                0x0000000008001e88                triggerPri_Jeep2000()
 .text._Z18triggerPri_Audi135v
                0x0000000008001f24       0xe4 .pioenvs/bluepill_f103c8/src/speeduino.ino.o
                0x0000000008001f24                triggerPri_Audi135()
 .text._Z19triggerPri_HondaD17v
                0x0000000008002008       0xc4 .pioenvs/bluepill_f103c8/src/speeduino.ino.o
                0x0000000008002008                triggerPri_HondaD17()
 .text._Z20triggerSec_Miata9905v
                0x00000000080020cc       0x70 .pioenvs/bluepill_f103c8/src/speeduino.ino.o
                0x00000000080020cc                triggerSec_Miata9905()
 .text._Z16getRPM_Miata9905v
                0x000000000800213c       0x6c .pioenvs/bluepill_f103c8/src/speeduino.ino.o
                0x000000000800213c                getRPM_Miata9905()
 .text._Z23getCrankAngle_Miata9905i
                0x00000000080021a8       0x78 .pioenvs/bluepill_f103c8/src/speeduino.ino.o
                0x00000000080021a8                getCrankAngle_Miata9905(int)
 .text._Z18triggerSec_MazdaAUv
                0x0000000008002220       0x80 .pioenvs/bluepill_f103c8/src/speeduino.ino.o
                0x0000000008002220                triggerSec_MazdaAU()
 .text._Z14getRPM_MazdaAUv
                0x00000000080022a0       0x58 .pioenvs/bluepill_f103c8/src/speeduino.ino.o
                0x00000000080022a0                getRPM_MazdaAU()
 .text._Z13getRPM_non360v
                0x00000000080022f8       0x40 .pioenvs/bluepill_f103c8/src/speeduino.ino.o
                0x00000000080022f8                getRPM_non360()
 .text._Z20triggerPri_Nissan360v
                0x0000000008002338       0xac .pioenvs/bluepill_f103c8/src/speeduino.ino.o
                0x0000000008002338                triggerPri_Nissan360()
 .text._Z16getRPM_Nissan360v
                0x00000000080023e4       0x88 .pioenvs/bluepill_f103c8/src/speeduino.ino.o
                0x00000000080023e4                getRPM_Nissan360()
 .text._Z15getRPM_Subaru67v
                0x000000000800246c       0x28 .pioenvs/bluepill_f103c8/src/speeduino.ino.o
                0x000000000800246c                getRPM_Subaru67()
 .text._Z13getRPM_Harleyv
                0x0000000008002494       0x80 .pioenvs/bluepill_f103c8/src/speeduino.ino.o
                0x0000000008002494                getRPM_Harley()
 .text._ZL10enableIdlev
                0x0000000008002514       0x28 .pioenvs/bluepill_f103c8/src/speeduino.ino.o
 .text._ZL13idleInterruptv
                0x000000000800253c      0x100 .pioenvs/bluepill_f103c8/src/speeduino.ino.o
 .text._ZL22fuelSchedule1Interruptv
                0x000000000800263c      0x110 .pioenvs/bluepill_f103c8/src/speeduino.ino.o
 .text._ZL22fuelSchedule2Interruptv
                0x000000000800274c      0x104 .pioenvs/bluepill_f103c8/src/speeduino.ino.o
 .text._ZL22fuelSchedule3Interruptv
                0x0000000008002850       0xe8 .pioenvs/bluepill_f103c8/src/speeduino.ino.o
 .text._ZL22fuelSchedule4Interruptv
                0x0000000008002938       0xa0 .pioenvs/bluepill_f103c8/src/speeduino.ino.o
 .text._ZL26ignitionSchedule1Interruptv
                0x00000000080029d8       0x58 .pioenvs/bluepill_f103c8/src/speeduino.ino.o
 .text._ZL26ignitionSchedule2Interruptv
                0x0000000008002a30       0x58 .pioenvs/bluepill_f103c8/src/speeduino.ino.o
 .text._ZL26ignitionSchedule3Interruptv
                0x0000000008002a88       0x74 .pioenvs/bluepill_f103c8/src/speeduino.ino.o
 .text._ZL26ignitionSchedule4Interruptv
                0x0000000008002afc       0x74 .pioenvs/bluepill_f103c8/src/speeduino.ino.o
 .text._ZL26ignitionSchedule5Interruptv
                0x0000000008002b70       0x58 .pioenvs/bluepill_f103c8/src/speeduino.ino.o
 .text._Z16beginCoil5Chargev
                0x0000000008002bc8       0x50 .pioenvs/bluepill_f103c8/src/speeduino.ino.o
                0x0000000008002bc8                beginCoil5Charge()
 .text._Z16beginCoil4Chargev
                0x0000000008002c18       0x50 .pioenvs/bluepill_f103c8/src/speeduino.ino.o
                0x0000000008002c18                beginCoil4Charge()
 .text._Z16beginCoil3Chargev
                0x0000000008002c68       0x50 .pioenvs/bluepill_f103c8/src/speeduino.ino.o
                0x0000000008002c68                beginCoil3Charge()
 .text._Z16beginCoil2Chargev
                0x0000000008002cb8       0x50 .pioenvs/bluepill_f103c8/src/speeduino.ino.o
                0x0000000008002cb8                beginCoil2Charge()
 .text._Z16beginCoil1Chargev
                0x0000000008002d08       0x50 .pioenvs/bluepill_f103c8/src/speeduino.ino.o
                0x0000000008002d08                beginCoil1Charge()
 .text._Z18triggerPri_MazdaAUv
                0x0000000008002d58      0x100 .pioenvs/bluepill_f103c8/src/speeduino.ino.o
                0x0000000008002d58                triggerPri_MazdaAU()
 .text._Z27triggerPri_BasicDistributorv
                0x0000000008002e58      0x1ec .pioenvs/bluepill_f103c8/src/speeduino.ino.o
                0x0000000008002e58                triggerPri_BasicDistributor()
 .text._ZL11disableIdlev
                0x0000000008003044       0x64 .pioenvs/bluepill_f103c8/src/speeduino.ino.o
 .text._Z20beginCoil1and3Chargev
                0x00000000080030a8       0x5c .pioenvs/bluepill_f103c8/src/speeduino.ino.o
                0x00000000080030a8                beginCoil1and3Charge()
 .text._Z20beginCoil2and4Chargev
                0x0000000008003104       0x5c .pioenvs/bluepill_f103c8/src/speeduino.ino.o
                0x0000000008003104                beginCoil2and4Charge()
 .text._Z15triggerPri_4G63v
                0x0000000008003160      0x310 .pioenvs/bluepill_f103c8/src/speeduino.ino.o
                0x0000000008003160                triggerPri_4G63()
 .text._Z15triggerSec_4G63v
                0x0000000008003470       0xc0 .pioenvs/bluepill_f103c8/src/speeduino.ino.o
                0x0000000008003470                triggerSec_4G63()
 .text._Z20triggerSec_Nissan360v
                0x0000000008003530      0x10c .pioenvs/bluepill_f103c8/src/speeduino.ino.o
                0x0000000008003530                triggerSec_Nissan360()
 .text._Z17triggerPri_Harleyv
                0x000000000800363c       0xe4 .pioenvs/bluepill_f103c8/src/speeduino.ino.o
                0x000000000800363c                triggerPri_Harley()
 .text._Z21getCrankAngle_MazdaAUi
                0x0000000008003720       0x84 .pioenvs/bluepill_f103c8/src/speeduino.ino.o
                0x0000000008003720                getCrankAngle_MazdaAU(int)
 .text._Z22getCrankAngle_Subaru67i
                0x00000000080037a4       0x84 .pioenvs/bluepill_f103c8/src/speeduino.ino.o
                0x00000000080037a4                getCrankAngle_Subaru67(int)
 .text._ZN14HardwareSerial5writeEj
                0x0000000008003828        0xc .pioenvs/bluepill_f103c8/src/speeduino.ino.o
                0x0000000008003828                HardwareSerial::write(unsigned int)
 .text._Z12sendToothLogb.part.55
                0x0000000008003834       0x80 .pioenvs/bluepill_f103c8/src/speeduino.ino.o
 .text._ZN14HardwareSerial5writeEi
                0x00000000080038b4        0xc .pioenvs/bluepill_f103c8/src/speeduino.ino.o
                0x00000000080038b4                HardwareSerial::write(int)
 .text._Z13initialiseFanv
                0x00000000080038c0       0x50 .pioenvs/bluepill_f103c8/src/speeduino.ino.o
                0x00000000080038c0                initialiseFan()
 .text._Z10fanControlv
                0x0000000008003910       0x70 .pioenvs/bluepill_f103c8/src/speeduino.ino.o
                0x0000000008003910                fanControl()
 .text._Z13oneMSIntervalv
                0x0000000008003980      0x2f0 .pioenvs/bluepill_f103c8/src/speeduino.ino.o
                0x0000000008003980                oneMSInterval()
 .text._Z16initialiseAuxPWMv
                0x0000000008003c70      0x114 .pioenvs/bluepill_f103c8/src/speeduino.ino.o
                0x0000000008003c70                initialiseAuxPWM()
 .text._Z12boostDisablev
                0x0000000008003d84       0x44 .pioenvs/bluepill_f103c8/src/speeduino.ino.o
                0x0000000008003d84                boostDisable()
 .text._Z12receiveValueih
                0x0000000008003dc8      0x28c .pioenvs/bluepill_f103c8/src/speeduino.ino.o
                0x0000000008003dc8                receiveValue(int, unsigned char)
 .text._Z12getPageValueht
                0x0000000008004054      0x1f4 .pioenvs/bluepill_f103c8/src/speeduino.ino.o
                0x0000000008004054                getPageValue(unsigned char, unsigned short)
 .text._Z12sendToothLogb
                0x0000000008004248       0x14 .pioenvs/bluepill_f103c8/src/speeduino.ino.o
                0x0000000008004248                sendToothLog(bool)
 .text._Z8testCommv
                0x000000000800425c       0x10 .pioenvs/bluepill_f103c8/src/speeduino.ino.o
                0x000000000800425c                testComm()
 .text._Z14commandButtonsv
                0x000000000800426c      0x228 .pioenvs/bluepill_f103c8/src/speeduino.ino.o
                0x000000000800426c                commandButtons()
 .text._Z21initialiseCorrectionsv
                0x0000000008004494       0x1c .pioenvs/bluepill_f103c8/src/speeduino.ino.o
                0x0000000008004494                initialiseCorrections()
 .text._Z25triggerSetup_missingToothv
                0x00000000080044b0       0xa0 .pioenvs/bluepill_f103c8/src/speeduino.ino.o
                0x00000000080044b0                triggerSetup_missingTooth()
 .text._Z22triggerSetup_DualWheelv
                0x0000000008004550       0x7c .pioenvs/bluepill_f103c8/src/speeduino.ino.o
                0x0000000008004550                triggerSetup_DualWheel()
 .text._Z29triggerSetup_BasicDistributorv
                0x00000000080045cc       0x8c .pioenvs/bluepill_f103c8/src/speeduino.ino.o
                0x00000000080045cc                triggerSetup_BasicDistributor()
 .text._Z17triggerSetup_GM7Xv
                0x0000000008004658       0x30 .pioenvs/bluepill_f103c8/src/speeduino.ino.o
                0x0000000008004658                triggerSetup_GM7X()
 .text._Z17triggerSetup_4G63v
                0x0000000008004688       0xf4 .pioenvs/bluepill_f103c8/src/speeduino.ino.o
                0x0000000008004688                triggerSetup_4G63()
 .text._Z16triggerSetup_24Xv
                0x000000000800477c       0xb0 .pioenvs/bluepill_f103c8/src/speeduino.ino.o
                0x000000000800477c                triggerSetup_24X()
 .text._Z21triggerSetup_Jeep2000v
                0x000000000800482c       0x7c .pioenvs/bluepill_f103c8/src/speeduino.ino.o
                0x000000000800482c                triggerSetup_Jeep2000()
 .text._Z20triggerSetup_Audi135v
                0x00000000080048a8       0x58 .pioenvs/bluepill_f103c8/src/speeduino.ino.o
                0x00000000080048a8                triggerSetup_Audi135()
 .text._Z21triggerSetup_HondaD17v
                0x0000000008004900       0x30 .pioenvs/bluepill_f103c8/src/speeduino.ino.o
                0x0000000008004900                triggerSetup_HondaD17()
 .text._Z22triggerSetup_Miata9905v
                0x0000000008004930       0xc4 .pioenvs/bluepill_f103c8/src/speeduino.ino.o
                0x0000000008004930                triggerSetup_Miata9905()
 .text._Z20triggerSetup_MazdaAUv
                0x00000000080049f4       0x7c .pioenvs/bluepill_f103c8/src/speeduino.ino.o
                0x00000000080049f4                triggerSetup_MazdaAU()
 .text._Z19triggerSetup_non360v
                0x0000000008004a70       0x70 .pioenvs/bluepill_f103c8/src/speeduino.ino.o
                0x0000000008004a70                triggerSetup_non360()
 .text._Z22triggerSetup_Nissan360v
                0x0000000008004ae0       0x58 .pioenvs/bluepill_f103c8/src/speeduino.ino.o
                0x0000000008004ae0                triggerSetup_Nissan360()
 .text._Z21triggerSetup_Subaru67v
                0x0000000008004b38       0x9c .pioenvs/bluepill_f103c8/src/speeduino.ino.o
                0x0000000008004b38                triggerSetup_Subaru67()
 .text._Z21triggerSetup_Daihatsuv
                0x0000000008004bd4       0x98 .pioenvs/bluepill_f103c8/src/speeduino.ino.o
                0x0000000008004bd4                triggerSetup_Daihatsu()
 .text._Z19triggerSetup_Harleyv
                0x0000000008004c6c       0x50 .pioenvs/bluepill_f103c8/src/speeduino.ino.o
                0x0000000008004c6c                triggerSetup_Harley()
 .text._Z12getNextErrorv
                0x0000000008004cbc       0x28 .pioenvs/bluepill_f103c8/src/speeduino.ino.o
                0x0000000008004cbc                getNextError()
 .text._Z14initialiseIdlev
                0x0000000008004ce4      0x2d0 .pioenvs/bluepill_f103c8/src/speeduino.ino.o
                0x0000000008004ce4                initialiseIdle()
 .text._Z7divu100m
                0x0000000008004fb4       0x2e .pioenvs/bluepill_f103c8/src/speeduino.ino.o
                0x0000000008004fb4                divu100(unsigned long)
 *fill*         0x0000000008004fe2        0x2 
 .text._Z20initialiseSchedulersv
                0x0000000008004fe4      0x17c .pioenvs/bluepill_f103c8/src/speeduino.ino.o
                0x0000000008004fe4                initialiseSchedulers()
 .text._Z16setFuelSchedule1mm
                0x0000000008005160       0x78 .pioenvs/bluepill_f103c8/src/speeduino.ino.o
                0x0000000008005160                setFuelSchedule1(unsigned long, unsigned long)
 .text._Z16setFuelSchedule2mm
                0x00000000080051d8       0x78 .pioenvs/bluepill_f103c8/src/speeduino.ino.o
                0x00000000080051d8                setFuelSchedule2(unsigned long, unsigned long)
 .text._Z16setFuelSchedule3mm
                0x0000000008005250       0x78 .pioenvs/bluepill_f103c8/src/speeduino.ino.o
                0x0000000008005250                setFuelSchedule3(unsigned long, unsigned long)
 .text._Z16setFuelSchedule4mm
                0x00000000080052c8       0x78 .pioenvs/bluepill_f103c8/src/speeduino.ino.o
                0x00000000080052c8                setFuelSchedule4(unsigned long, unsigned long)
 .text._Z20setIgnitionSchedule1PFvvEmmS0_
                0x0000000008005340       0x60 .pioenvs/bluepill_f103c8/src/speeduino.ino.o
                0x0000000008005340                setIgnitionSchedule1(void (*)(), unsigned long, unsigned long, void (*)())
 .text._Z20setIgnitionSchedule2PFvvEmmS0_
                0x00000000080053a0       0x60 .pioenvs/bluepill_f103c8/src/speeduino.ino.o
                0x00000000080053a0                setIgnitionSchedule2(void (*)(), unsigned long, unsigned long, void (*)())
 .text._Z20setIgnitionSchedule3PFvvEmmS0_
                0x0000000008005400       0x78 .pioenvs/bluepill_f103c8/src/speeduino.ino.o
                0x0000000008005400                setIgnitionSchedule3(void (*)(), unsigned long, unsigned long, void (*)())
 .text._Z20setIgnitionSchedule4PFvvEmmS0_
                0x0000000008005478       0x78 .pioenvs/bluepill_f103c8/src/speeduino.ino.o
                0x0000000008005478                setIgnitionSchedule4(void (*)(), unsigned long, unsigned long, void (*)())
 .text._Z20setIgnitionSchedule5PFvvEmmS0_
                0x00000000080054f0       0x60 .pioenvs/bluepill_f103c8/src/speeduino.ino.o
                0x00000000080054f0                setIgnitionSchedule5(void (*)(), unsigned long, unsigned long, void (*)())
 .text._Z13initialiseADCv
                0x0000000008005550       0x1c .pioenvs/bluepill_f103c8/src/speeduino.ino.o
                0x0000000008005550                initialiseADC()
 .text._Z7readTPSv
                0x000000000800556c       0x70 .pioenvs/bluepill_f103c8/src/speeduino.ino.o
                0x000000000800556c                readTPS()
 .text._Z7readCLTv
                0x00000000080055dc       0x40 .pioenvs/bluepill_f103c8/src/speeduino.ino.o
                0x00000000080055dc                readCLT()
 .text._Z7readIATv
                0x000000000800561c       0x40 .pioenvs/bluepill_f103c8/src/speeduino.ino.o
                0x000000000800561c                readIAT()
 .text._Z8readBarov
                0x000000000800565c       0x50 .pioenvs/bluepill_f103c8/src/speeduino.ino.o
                0x000000000800565c                readBaro()
 .text._Z6readO2v
                0x00000000080056ac       0x38 .pioenvs/bluepill_f103c8/src/speeduino.ino.o
                0x00000000080056ac                readO2()
 .text._Z7readBatv
                0x00000000080056e4       0x30 .pioenvs/bluepill_f103c8/src/speeduino.ino.o
                0x00000000080056e4                readBat()
 .text._Z11writeConfigh
                0x0000000008005714      0x924 .pioenvs/bluepill_f103c8/src/speeduino.ino.o
                0x0000000008005714                writeConfig(unsigned char)
 .text._Z14writeAllConfigv
                0x0000000008006038       0x70 .pioenvs/bluepill_f103c8/src/speeduino.ino.o
                0x0000000008006038                writeAllConfig()
 .text._Z10loadConfigv
                0x00000000080060a8      0x460 .pioenvs/bluepill_f103c8/src/speeduino.ino.o
                0x00000000080060a8                loadConfig()
 .text._Z15loadCalibrationv
                0x0000000008006508       0x50 .pioenvs/bluepill_f103c8/src/speeduino.ino.o
                0x0000000008006508                loadCalibration()
 .text._Z16writeCalibrationv
                0x0000000008006558       0x7c .pioenvs/bluepill_f103c8/src/speeduino.ino.o
                0x0000000008006558                writeCalibration()
 .text._Z15table3D_setSizeP7table3Dh
                0x00000000080065d4       0x4c .pioenvs/bluepill_f103c8/src/speeduino.ino.o
                0x00000000080065d4                table3D_setSize(table3D*, unsigned char)
 .text._Z16table2D_getValueP7table2Di
                0x0000000008006620      0x14a .pioenvs/bluepill_f103c8/src/speeduino.ino.o
                0x0000000008006620                table2D_getValue(table2D*, int)
 *fill*         0x000000000800676a        0x2 
 .text._Z14correctionsIgna
                0x000000000800676c      0x15c .pioenvs/bluepill_f103c8/src/speeduino.ino.o
                0x000000000800676c                correctionsIgn(signed char)
 .text._Z16correctionsDwellt
                0x00000000080068c8       0x94 .pioenvs/bluepill_f103c8/src/speeduino.ino.o
                0x00000000080068c8                correctionsDwell(unsigned short)
 .text._Z11idleControlv
                0x000000000800695c      0x270 .pioenvs/bluepill_f103c8/src/speeduino.ino.o
                0x000000000800695c                idleControl()
 .text._Z15get3DTableValueP7table3Dii
                0x0000000008006bcc      0x22a .pioenvs/bluepill_f103c8/src/speeduino.ino.o
                0x0000000008006bcc                get3DTableValue(table3D*, int, int)
 *fill*         0x0000000008006df6        0x2 
 .text._Z12boostControlv
                0x0000000008006df8      0x140 .pioenvs/bluepill_f103c8/src/speeduino.ino.o
                0x0000000008006df8                boostControl()
 .text._Z10vvtControlv
                0x0000000008006f38       0x98 .pioenvs/bluepill_f103c8/src/speeduino.ino.o
                0x0000000008006f38                vvtControl()
 .text._Z16initialiseTimersv
                0x0000000008006fd0       0x6c .pioenvs/bluepill_f103c8/src/speeduino.ino.o
                0x0000000008006fd0                initialiseTimers()
 .text._Z9doUpdatesv
                0x000000000800703c      0x184 .pioenvs/bluepill_f103c8/src/speeduino.ino.o
                0x000000000800703c                doUpdates()
 .text._Z7freeRamv
                0x00000000080071c0       0x18 .pioenvs/bluepill_f103c8/src/speeduino.ino.o
                0x00000000080071c0                freeRam()
 .text._Z13setPinMappingh
                0x00000000080071d8      0x818 .pioenvs/bluepill_f103c8/src/speeduino.ino.o
                0x00000000080071d8                setPinMapping(unsigned char)
 .text._Z18initialiseTriggersv
                0x00000000080079f0      0x484 .pioenvs/bluepill_f103c8/src/speeduino.ino.o
                0x00000000080079f0                initialiseTriggers()
 .text._Z5setupv
                0x0000000008007e74      0xa5c .pioenvs/bluepill_f103c8/src/speeduino.ino.o
                0x0000000008007e74                setup()
 .text.startup._GLOBAL__sub_I_fuelTable
                0x00000000080088d0      0x160 .pioenvs/bluepill_f103c8/src/speeduino.ino.o
 .text._Z18receiveCalibrationh
                0x0000000008008a30       0xf8 .pioenvs/bluepill_f103c8/src/speeduino.ino.o
                0x0000000008008a30                receiveCalibration(unsigned char)
 .text._Z14sendCancommandhthht.part.62
                0x0000000008008b28       0x34 .pioenvs/bluepill_f103c8/src/speeduino.ino.o
 .text._Z10sendValuestthh
                0x0000000008008b5c      0x2d0 .pioenvs/bluepill_f103c8/src/speeduino.ino.o
                0x0000000008008b5c                sendValues(unsigned short, unsigned short, unsigned char, unsigned char)
 .text._Z10canCommandv
                0x0000000008008e2c      0x1ac .pioenvs/bluepill_f103c8/src/speeduino.ino.o
                0x0000000008008e2c                canCommand()
 .text._Z8sendPageb
                0x0000000008008fd8      0x930 .pioenvs/bluepill_f103c8/src/speeduino.ino.o
                0x0000000008008fd8                sendPage(bool)
 .text._Z7commandv
                0x0000000008009908      0x428 .pioenvs/bluepill_f103c8/src/speeduino.ino.o
                0x0000000008009908                command()
 .text._Z4loopv
                0x0000000008009d30     0x186c .pioenvs/bluepill_f103c8/src/speeduino.ino.o
                0x0000000008009d30                loop()
 .text._ZN3PID7ComputeEv
                0x000000000800b59c       0x7c .pioenvs/bluepill_f103c8/src/src/PID_v1/PID_v1.o
                0x000000000800b59c                PID::Compute()
 .text._ZN3PID10SetTuningsEhhh
                0x000000000800b618       0x40 .pioenvs/bluepill_f103c8/src/src/PID_v1/PID_v1.o
                0x000000000800b618                PID::SetTunings(unsigned char, unsigned char, unsigned char)
 .text._ZN3PID15SetOutputLimitsEll
                0x000000000800b658       0x34 .pioenvs/bluepill_f103c8/src/src/PID_v1/PID_v1.o
                0x000000000800b658                PID::SetOutputLimits(long, long)
 .text._ZN3PID10InitializeEv
                0x000000000800b68c       0x1c .pioenvs/bluepill_f103c8/src/src/PID_v1/PID_v1.o
                0x000000000800b68c                PID::Initialize()
 .text._ZN3PID7SetModeEi
                0x000000000800b6a8       0x20 .pioenvs/bluepill_f103c8/src/src/PID_v1/PID_v1.o
                0x000000000800b6a8                PID::SetMode(int)
 .text._ZN3PID22SetControllerDirectionEh
                0x000000000800b6c8       0x22 .pioenvs/bluepill_f103c8/src/src/PID_v1/PID_v1.o
                0x000000000800b6c8                PID::SetControllerDirection(unsigned char)
 .text._ZN3PIDC2EPlS0_S0_hhhh
                0x000000000800b6ea       0x34 .pioenvs/bluepill_f103c8/src/src/PID_v1/PID_v1.o
                0x000000000800b6ea                PID::PID(long*, long*, long*, unsigned char, unsigned char, unsigned char, unsigned char)
                0x000000000800b6ea                PID::PID(long*, long*, long*, unsigned char, unsigned char, unsigned char, unsigned char)
 *fill*         0x000000000800b71e        0x2 
 .text._ZN10integerPID7ComputeEv
                0x000000000800b720       0x88 .pioenvs/bluepill_f103c8/src/src/PID_v1/PID_v1.o
                0x000000000800b720                integerPID::Compute()
 .text._ZN10integerPID10SetTuningsEhhh
                0x000000000800b7a8       0x58 .pioenvs/bluepill_f103c8/src/src/PID_v1/PID_v1.o
                0x000000000800b7a8                integerPID::SetTunings(unsigned char, unsigned char, unsigned char)
 .text._ZN10integerPID15SetOutputLimitsEll
                0x000000000800b800       0x34 .pioenvs/bluepill_f103c8/src/src/PID_v1/PID_v1.o
                0x000000000800b800                integerPID::SetOutputLimits(long, long)
 .text._ZN10integerPID10InitializeEv
                0x000000000800b834       0x1c .pioenvs/bluepill_f103c8/src/src/PID_v1/PID_v1.o
                0x000000000800b834                integerPID::Initialize()
 .text._ZN10integerPID7SetModeEi
                0x000000000800b850       0x20 .pioenvs/bluepill_f103c8/src/src/PID_v1/PID_v1.o
                0x000000000800b850                integerPID::SetMode(int)
 .text._ZN10integerPID22SetControllerDirectionEh
                0x000000000800b870       0x22 .pioenvs/bluepill_f103c8/src/src/PID_v1/PID_v1.o
                0x000000000800b870                integerPID::SetControllerDirection(unsigned char)
 *fill*         0x000000000800b892        0x2 
 .text._ZN10integerPIDC2EPlS0_S0_hhhh
                0x000000000800b894       0x48 .pioenvs/bluepill_f103c8/src/src/PID_v1/PID_v1.o
                0x000000000800b894                integerPID::integerPID(long*, long*, long*, unsigned char, unsigned char, unsigned char, unsigned char)
                0x000000000800b894                integerPID::integerPID(long*, long*, long*, unsigned char, unsigned char, unsigned char, unsigned char)
 .text._ZN16integerPID_ideal7ComputeEv
                0x000000000800b8dc       0xd0 .pioenvs/bluepill_f103c8/src/src/PID_v1/PID_v1.o
                0x000000000800b8dc                integerPID_ideal::Compute()
 .text._ZN16integerPID_ideal10SetTuningsEhhh
                0x000000000800b9ac       0x34 .pioenvs/bluepill_f103c8/src/src/PID_v1/PID_v1.o
                0x000000000800b9ac                integerPID_ideal::SetTunings(unsigned char, unsigned char, unsigned char)
 .text._ZN16integerPID_ideal15SetOutputLimitsEll
                0x000000000800b9e0        0xa .pioenvs/bluepill_f103c8/src/src/PID_v1/PID_v1.o
                0x000000000800b9e0                integerPID_ideal::SetOutputLimits(long, long)
 .text._ZN16integerPID_ideal10InitializeEv
                0x000000000800b9ea        0xe .pioenvs/bluepill_f103c8/src/src/PID_v1/PID_v1.o
                0x000000000800b9ea                integerPID_ideal::Initialize()
 .text._ZN16integerPID_ideal22SetControllerDirectionEh
                0x000000000800b9f8       0x1c .pioenvs/bluepill_f103c8/src/src/PID_v1/PID_v1.o
                0x000000000800b9f8                integerPID_ideal::SetControllerDirection(unsigned char)
 .text._ZN16integerPID_idealC2EPlPtS1_S1_Phhhhh
                0x000000000800ba14       0x4c .pioenvs/bluepill_f103c8/src/src/PID_v1/PID_v1.o
                0x000000000800ba14                integerPID_ideal::integerPID_ideal(long*, unsigned short*, unsigned short*, unsigned short*, unsigned char*, unsigned char, unsigned char, unsigned char, unsigned char)
                0x000000000800ba14                integerPID_ideal::integerPID_ideal(long*, unsigned short*, unsigned short*, unsigned short*, unsigned char*, unsigned char, unsigned char, unsigned char, unsigned char)
 .text._Z9boardInitv
                0x000000000800ba60        0x4 .pioenvs/bluepill_f103c8/libFrameworkArduinoVariant.a(board.o)
                0x000000000800ba60                boardInit()
 .text.startup._GLOBAL__sub_I__Z9boardInitv
                0x000000000800ba64       0x48 .pioenvs/bluepill_f103c8/libFrameworkArduinoVariant.a(board.o)
 .text          0x000000000800baac       0x10 .pioenvs/bluepill_f103c8/libFrameworkArduinoVariant.a(start.o)
                0x000000000800baac                __start__
 .text.start_c  0x000000000800babc       0x64 .pioenvs/bluepill_f103c8/libFrameworkArduinoVariant.a(start_c.o)
                0x000000000800babc                start_c
 .text._ZN14HardwareSerial4readEv
                0x000000000800bb20       0x4e .pioenvs/bluepill_f103c8/libFrameworkArduino.a(HardwareSerial.o)
                0x000000000800bb20                HardwareSerial::read()
 .text._ZN14HardwareSerial4peekEv
                0x000000000800bb6e       0x22 .pioenvs/bluepill_f103c8/libFrameworkArduino.a(HardwareSerial.o)
                0x000000000800bb6e                HardwareSerial::peek()
 .text._ZN14HardwareSerial5flushEv
                0x000000000800bb90       0x1a .pioenvs/bluepill_f103c8/libFrameworkArduino.a(HardwareSerial.o)
                0x000000000800bb90                HardwareSerial::flush()
 .text._ZN14HardwareSerial5writeEh
                0x000000000800bbaa       0x1e .pioenvs/bluepill_f103c8/libFrameworkArduino.a(HardwareSerial.o)
                0x000000000800bbaa                HardwareSerial::write(unsigned char)
 .text._ZN14HardwareSerial9availableEv
                0x000000000800bbc8       0x26 .pioenvs/bluepill_f103c8/libFrameworkArduino.a(HardwareSerial.o)
                0x000000000800bbc8                HardwareSerial::available()
 *fill*         0x000000000800bbee        0x2 
 .text._ZN14HardwareSerialC2EP9usart_devhh
                0x000000000800bbf0       0x1c .pioenvs/bluepill_f103c8/libFrameworkArduino.a(HardwareSerial.o)
                0x000000000800bbf0                HardwareSerial::HardwareSerial(usart_dev*, unsigned char, unsigned char)
                0x000000000800bbf0                HardwareSerial::HardwareSerial(usart_dev*, unsigned char, unsigned char)
 .text._ZN14HardwareSerial5beginEmh
                0x000000000800bc0c       0x78 .pioenvs/bluepill_f103c8/libFrameworkArduino.a(HardwareSerial.o)
                0x000000000800bc0c                HardwareSerial::begin(unsigned long, unsigned char)
 .text._ZN14HardwareSerial5beginEm
                0x000000000800bc84        0x6 .pioenvs/bluepill_f103c8/libFrameworkArduino.a(HardwareSerial.o)
                0x000000000800bc84                HardwareSerial::begin(unsigned long)
 *fill*         0x000000000800bc8a        0x2 
 .text.set_this_dev
                0x000000000800bc8c       0x1c .pioenvs/bluepill_f103c8/libFrameworkArduino.a(HardwareTimer.o)
 .text._ZN13HardwareTimerC2Eh
                0x000000000800bca8       0x2c .pioenvs/bluepill_f103c8/libFrameworkArduino.a(HardwareTimer.o)
                0x000000000800bca8                HardwareTimer::HardwareTimer(unsigned char)
                0x000000000800bca8                HardwareTimer::HardwareTimer(unsigned char)
 .text._ZN13HardwareTimer6resumeEv
                0x000000000800bcd4       0x10 .pioenvs/bluepill_f103c8/libFrameworkArduino.a(HardwareTimer.o)
                0x000000000800bcd4                HardwareTimer::resume()
 .text._ZN13HardwareTimer17setPrescaleFactorEm
                0x000000000800bce4        0xc .pioenvs/bluepill_f103c8/libFrameworkArduino.a(HardwareTimer.o)
                0x000000000800bce4                HardwareTimer::setPrescaleFactor(unsigned long)
 .text._ZN13HardwareTimer9setPeriodEm
                0x000000000800bcf0       0x3e .pioenvs/bluepill_f103c8/libFrameworkArduino.a(HardwareTimer.o)
                0x000000000800bcf0                HardwareTimer::setPeriod(unsigned long)
 .text._ZN13HardwareTimer7setModeEi10timer_mode
                0x000000000800bd2e        0x8 .pioenvs/bluepill_f103c8/libFrameworkArduino.a(HardwareTimer.o)
                0x000000000800bd2e                HardwareTimer::setMode(int, timer_mode)
 .text._ZN13HardwareTimer15attachInterruptEiPFvvE
                0x000000000800bd36        0x8 .pioenvs/bluepill_f103c8/libFrameworkArduino.a(HardwareTimer.o)
                0x000000000800bd36                HardwareTimer::attachInterrupt(int, void (*)())
 *fill*         0x000000000800bd3e        0x2 
 .text.startup._GLOBAL__sub_I__ZN13HardwareTimerC2Eh
                0x000000000800bd40       0x38 .pioenvs/bluepill_f103c8/libFrameworkArduino.a(HardwareTimer.o)
 .text._ZN5Print5writeEPKc
                0x000000000800bd78       0x1c .pioenvs/bluepill_f103c8/libFrameworkArduino.a(Print.o)
                0x000000000800bd78                Print::write(char const*)
 .text._ZN5Print5writeEPKvm
                0x000000000800bd94       0x20 .pioenvs/bluepill_f103c8/libFrameworkArduino.a(Print.o)
                0x000000000800bd94                Print::write(void const*, unsigned long)
 .text._ZN5Print5printEc
                0x000000000800bdb4        0xa .pioenvs/bluepill_f103c8/libFrameworkArduino.a(Print.o)
                0x000000000800bdb4                Print::print(char)
 .text._ZN5Print5printEPKc
                0x000000000800bdbe        0xa .pioenvs/bluepill_f103c8/libFrameworkArduino.a(Print.o)
                0x000000000800bdbe                Print::print(char const*)
 .text._ZN5Print5printEPK19__FlashStringHelper
                0x000000000800bdc8        0x4 .pioenvs/bluepill_f103c8/libFrameworkArduino.a(Print.o)
                0x000000000800bdc8                Print::print(__FlashStringHelper const*)
 .text._ZN5Print7printlnEv
                0x000000000800bdcc       0x18 .pioenvs/bluepill_f103c8/libFrameworkArduino.a(Print.o)
                0x000000000800bdcc                Print::println()
 .text._ZN5Print7printlnEPKc
                0x000000000800bde4       0x14 .pioenvs/bluepill_f103c8/libFrameworkArduino.a(Print.o)
                0x000000000800bde4                Print::println(char const*)
 .text._ZN5Print7printlnEPK19__FlashStringHelper
                0x000000000800bdf8       0x14 .pioenvs/bluepill_f103c8/libFrameworkArduino.a(Print.o)
                0x000000000800bdf8                Print::println(__FlashStringHelper const*)
 .text._ZN5Print11printNumberEyh
                0x000000000800be0c       0x84 .pioenvs/bluepill_f103c8/libFrameworkArduino.a(Print.o)
                0x000000000800be0c                Print::printNumber(unsigned long long, unsigned char)
 .text._ZN5Print5printExi
                0x000000000800be90       0x40 .pioenvs/bluepill_f103c8/libFrameworkArduino.a(Print.o)
                0x000000000800be90                Print::print(long long, int)
 .text._ZN5Print5printEii
                0x000000000800bed0       0x12 .pioenvs/bluepill_f103c8/libFrameworkArduino.a(Print.o)
                0x000000000800bed0                Print::print(int, int)
 .text._ZN5Print7printlnEii
                0x000000000800bee2       0x14 .pioenvs/bluepill_f103c8/libFrameworkArduino.a(Print.o)
                0x000000000800bee2                Print::println(int, int)
 .text._ZN5Print5printEyi
                0x000000000800bef6       0x1c .pioenvs/bluepill_f103c8/libFrameworkArduino.a(Print.o)
                0x000000000800bef6                Print::print(unsigned long long, int)
 .text._ZN5Print5printEhi
                0x000000000800bf12       0x12 .pioenvs/bluepill_f103c8/libFrameworkArduino.a(Print.o)
                0x000000000800bf12                Print::print(unsigned char, int)
 .text._ZN5Print7printlnEhi
                0x000000000800bf24       0x14 .pioenvs/bluepill_f103c8/libFrameworkArduino.a(Print.o)
                0x000000000800bf24                Print::println(unsigned char, int)
 .text._ZN5Print5printEji
                0x000000000800bf38       0x12 .pioenvs/bluepill_f103c8/libFrameworkArduino.a(Print.o)
                0x000000000800bf38                Print::print(unsigned int, int)
 .text._ZN5Print7printlnEji
                0x000000000800bf4a       0x14 .pioenvs/bluepill_f103c8/libFrameworkArduino.a(Print.o)
                0x000000000800bf4a                Print::println(unsigned int, int)
 *fill*         0x000000000800bf5e        0x2 
 .text._Z15attachInterrupthPFvvE17ExtIntTriggerMode
                0x000000000800bf60       0x3c .pioenvs/bluepill_f103c8/libFrameworkArduino.a(ext_interrupts.o)
                0x000000000800bf60                attachInterrupt(unsigned char, void (*)(), ExtIntTriggerMode)
 .text._Z15detachInterrupth
                0x000000000800bf9c       0x18 .pioenvs/bluepill_f103c8/libFrameworkArduino.a(ext_interrupts.o)
                0x000000000800bf9c                detachInterrupt(unsigned char)
 .text.__irq_adc
                0x000000000800bfb4       0x50 .pioenvs/bluepill_f103c8/libFrameworkArduino.a(adc_f1.o)
                0x000000000800bfb4                __irq_adc
 .text.adc_calibrate
                0x000000000800c004       0x24 .pioenvs/bluepill_f103c8/libFrameworkArduino.a(adc_f1.o)
                0x000000000800c004                adc_calibrate
 .text.adc_set_prescaler
                0x000000000800c028        0x8 .pioenvs/bluepill_f103c8/libFrameworkArduino.a(adc_f1.o)
                0x000000000800c028                adc_set_prescaler
 .text.adc_foreach
                0x000000000800c030       0x1c .pioenvs/bluepill_f103c8/libFrameworkArduino.a(adc_f1.o)
                0x000000000800c030                adc_foreach
 .text.adc_enable_single_swstart
                0x000000000800c04c       0x36 .pioenvs/bluepill_f103c8/libFrameworkArduino.a(adc_f1.o)
                0x000000000800c04c                adc_enable_single_swstart
 *fill*         0x000000000800c082        0x2 
 .text.__irq_dma1_channel1
                0x000000000800c084       0x18 .pioenvs/bluepill_f103c8/libFrameworkArduino.a(dma_f1.o)
                0x000000000800c084                __irq_dma1_channel1
 .text.__irq_dma1_channel2
                0x000000000800c09c       0x18 .pioenvs/bluepill_f103c8/libFrameworkArduino.a(dma_f1.o)
                0x000000000800c09c                __irq_dma1_channel2
 .text.__irq_dma1_channel3
                0x000000000800c0b4       0x1c .pioenvs/bluepill_f103c8/libFrameworkArduino.a(dma_f1.o)
                0x000000000800c0b4                __irq_dma1_channel3
 .text.__irq_dma1_channel4
                0x000000000800c0d0       0x1c .pioenvs/bluepill_f103c8/libFrameworkArduino.a(dma_f1.o)
                0x000000000800c0d0                __irq_dma1_channel4
 .text.__irq_dma1_channel5
                0x000000000800c0ec       0x1c .pioenvs/bluepill_f103c8/libFrameworkArduino.a(dma_f1.o)
                0x000000000800c0ec                __irq_dma1_channel5
 .text.__irq_dma1_channel6
                0x000000000800c108       0x1c .pioenvs/bluepill_f103c8/libFrameworkArduino.a(dma_f1.o)
                0x000000000800c108                __irq_dma1_channel6
 .text.__irq_dma1_channel7
                0x000000000800c124       0x1c .pioenvs/bluepill_f103c8/libFrameworkArduino.a(dma_f1.o)
                0x000000000800c124                __irq_dma1_channel7
 .text          0x000000000800c140       0x60 .pioenvs/bluepill_f103c8/libFrameworkArduino.a(exc.o)
                0x000000000800c140                __exc_nmi
                0x000000000800c144                __exc_hardfault
                0x000000000800c148                __exc_memmanage
                0x000000000800c14c                __exc_busfault
                0x000000000800c150                __exc_usagefault
 .text.exti_attach_callback
                0x000000000800c1a0       0xac .pioenvs/bluepill_f103c8/libFrameworkArduino.a(exti.o)
                0x000000000800c1a0                exti_attach_callback
 .text.exti_attach_interrupt
                0x000000000800c24c       0x10 .pioenvs/bluepill_f103c8/libFrameworkArduino.a(exti.o)
                0x000000000800c24c                exti_attach_interrupt
 .text.exti_detach_interrupt
                0x000000000800c25c       0x28 .pioenvs/bluepill_f103c8/libFrameworkArduino.a(exti.o)
                0x000000000800c25c                exti_detach_interrupt
 .text.exti_do_select
                0x000000000800c284       0x1a .pioenvs/bluepill_f103c8/libFrameworkArduino.a(exti.o)
                0x000000000800c284                exti_do_select
 *fill*         0x000000000800c29e        0x2 
 .text.__irq_exti0
                0x000000000800c2a0       0x20 .pioenvs/bluepill_f103c8/libFrameworkArduino.a(exti.o)
                0x000000000800c2a0                __irq_exti0
 .text.__irq_exti1
                0x000000000800c2c0       0x20 .pioenvs/bluepill_f103c8/libFrameworkArduino.a(exti.o)
                0x000000000800c2c0                __irq_exti1
 .text.__irq_exti2
                0x000000000800c2e0       0x20 .pioenvs/bluepill_f103c8/libFrameworkArduino.a(exti.o)
                0x000000000800c2e0                __irq_exti2
 .text.__irq_exti3
                0x000000000800c300       0x20 .pioenvs/bluepill_f103c8/libFrameworkArduino.a(exti.o)
                0x000000000800c300                __irq_exti3
 .text.__irq_exti4
                0x000000000800c320       0x20 .pioenvs/bluepill_f103c8/libFrameworkArduino.a(exti.o)
                0x000000000800c320                __irq_exti4
 .text.__irq_exti9_5
                0x000000000800c340       0x44 .pioenvs/bluepill_f103c8/libFrameworkArduino.a(exti.o)
                0x000000000800c340                __irq_exti9_5
 .text.__irq_exti15_10
                0x000000000800c384       0x44 .pioenvs/bluepill_f103c8/libFrameworkArduino.a(exti.o)
                0x000000000800c384                __irq_exti15_10
 .text.exti_select
                0x000000000800c3c8       0x18 .pioenvs/bluepill_f103c8/libFrameworkArduino.a(exti_f1.o)
                0x000000000800c3c8                exti_select
 .text.gpio_init_all
                0x000000000800c3e0       0x30 .pioenvs/bluepill_f103c8/libFrameworkArduino.a(gpio_f1.o)
                0x000000000800c3e0                gpio_init_all
 .text.gpio_set_mode
                0x000000000800c410       0x50 .pioenvs/bluepill_f103c8/libFrameworkArduino.a(gpio_f1.o)
                0x000000000800c410                gpio_set_mode
 .text.afio_init
                0x000000000800c460       0x12 .pioenvs/bluepill_f103c8/libFrameworkArduino.a(gpio_f1.o)
                0x000000000800c460                afio_init
 *fill*         0x000000000800c472        0x2 
 .text.__irq_i2c1_ev
                0x000000000800c474        0xc .pioenvs/bluepill_f103c8/libFrameworkArduino.a(i2c_f1.o)
                0x000000000800c474                __irq_i2c1_ev
 .text.__irq_i2c2_ev
                0x000000000800c480        0xc .pioenvs/bluepill_f103c8/libFrameworkArduino.a(i2c_f1.o)
                0x000000000800c480                __irq_i2c2_ev
 .text.__irq_i2c1_er
                0x000000000800c48c        0xc .pioenvs/bluepill_f103c8/libFrameworkArduino.a(i2c_f1.o)
                0x000000000800c48c                __irq_i2c1_er
 .text.__irq_i2c2_er
                0x000000000800c498        0xc .pioenvs/bluepill_f103c8/libFrameworkArduino.a(i2c_f1.o)
                0x000000000800c498                __irq_i2c2_er
 .text._i2c_irq_priority_fixup
                0x000000000800c4a4       0x1c .pioenvs/bluepill_f103c8/libFrameworkArduino.a(i2c_f1.o)
                0x000000000800c4a4                _i2c_irq_priority_fixup
 .text.nvic_irq_set_priority
                0x000000000800c4c0       0x28 .pioenvs/bluepill_f103c8/libFrameworkArduino.a(nvic.o)
                0x000000000800c4c0                nvic_irq_set_priority
 .text.nvic_init
                0x000000000800c4e8       0x30 .pioenvs/bluepill_f103c8/libFrameworkArduino.a(nvic.o)
                0x000000000800c4e8                nvic_init
 .text.rcc_configure_pll
                0x000000000800c518       0x18 .pioenvs/bluepill_f103c8/libFrameworkArduino.a(rcc_f1.o)
                0x000000000800c518                rcc_configure_pll
 .text.rcc_clk_enable
                0x000000000800c530       0x30 .pioenvs/bluepill_f103c8/libFrameworkArduino.a(rcc_f1.o)
                0x000000000800c530                rcc_clk_enable
 .text.rcc_reset_dev
                0x000000000800c560       0x34 .pioenvs/bluepill_f103c8/libFrameworkArduino.a(rcc_f1.o)
                0x000000000800c560                rcc_reset_dev
 .text.rcc_set_prescaler
                0x000000000800c594       0x20 .pioenvs/bluepill_f103c8/libFrameworkArduino.a(rcc_f1.o)
                0x000000000800c594                rcc_set_prescaler
 .text.rcc_clk_disable
                0x000000000800c5b4       0x30 .pioenvs/bluepill_f103c8/libFrameworkArduino.a(rcc_f1.o)
                0x000000000800c5b4                rcc_clk_disable
 .text          0x000000000800c5e4        0x2 .pioenvs/bluepill_f103c8/libFrameworkArduino.a(isrs.o)
                0x000000000800c5e4                __irq_rcc
                0x000000000800c5e4                __irq_usb_lp_can_rx0
                0x000000000800c5e4                __exc_debug_monitor
                0x000000000800c5e4                __exc_svc
                0x000000000800c5e4                __irq_can_rx1
                0x000000000800c5e4                __irq_spi2
                0x000000000800c5e4                __irq_can_sce
                0x000000000800c5e4                __irq_pvd
                0x000000000800c5e4                __irq_tamper
                0x000000000800c5e4                __default_handler
                0x000000000800c5e4                __irq_wwdg
                0x000000000800c5e4                __stm32reservedexception10
                0x000000000800c5e4                __irq_flash
                0x000000000800c5e4                __stm32reservedexception13
                0x000000000800c5e4                __irq_rtc
                0x000000000800c5e4                __irq_spi1
                0x000000000800c5e4                __stm32reservedexception7
                0x000000000800c5e4                __irq_usb_hp_can_tx
                0x000000000800c5e4                __irq_rtcalarm
                0x000000000800c5e4                __stm32reservedexception8
                0x000000000800c5e4                __exc_pendsv
                0x000000000800c5e4                __irq_usbwakeup
                0x000000000800c5e4                __stm32reservedexception9
 *fill*         0x000000000800c5e6        0x2 
 .text.systick_init
                0x000000000800c5e8       0x10 .pioenvs/bluepill_f103c8/libFrameworkArduino.a(systick.o)
                0x000000000800c5e8                systick_init
 .text.__exc_systick
                0x000000000800c5f8       0x1c .pioenvs/bluepill_f103c8/libFrameworkArduino.a(systick.o)
                0x000000000800c5f8                __exc_systick
 .text.timer_oc_set_mode
                0x000000000800c614       0x3a .pioenvs/bluepill_f103c8/libFrameworkArduino.a(timer.o)
 *fill*         0x000000000800c64e        0x2 
 .text.timer_foreach
                0x000000000800c650       0x28 .pioenvs/bluepill_f103c8/libFrameworkArduino.a(timer.o)
                0x000000000800c650                timer_foreach
 .text.timer_init
                0x000000000800c678       0x14 .pioenvs/bluepill_f103c8/libFrameworkArduino.a(timer.o)
                0x000000000800c678                timer_init
 .text.timer_has_cc_channel
                0x000000000800c68c       0x30 .pioenvs/bluepill_f103c8/libFrameworkArduino.a(timer.o)
                0x000000000800c68c                timer_has_cc_channel
 .text.timer_attach_interrupt
                0x000000000800c6bc       0xc0 .pioenvs/bluepill_f103c8/libFrameworkArduino.a(timer.o)
                0x000000000800c6bc                timer_attach_interrupt
 .text.timer_detach_interrupt
                0x000000000800c77c       0x1e .pioenvs/bluepill_f103c8/libFrameworkArduino.a(timer.o)
                0x000000000800c77c                timer_detach_interrupt
 .text.timer_set_mode
                0x000000000800c79a       0x86 .pioenvs/bluepill_f103c8/libFrameworkArduino.a(timer.o)
                0x000000000800c79a                timer_set_mode
 .text.__irq_tim1_brk
                0x000000000800c820       0x24 .pioenvs/bluepill_f103c8/libFrameworkArduino.a(timer.o)
                0x000000000800c820                __irq_tim1_brk
 .text.__irq_tim1_up
                0x000000000800c844       0x24 .pioenvs/bluepill_f103c8/libFrameworkArduino.a(timer.o)
                0x000000000800c844                __irq_tim1_up
 .text.__irq_tim1_trg_com
                0x000000000800c868       0x38 .pioenvs/bluepill_f103c8/libFrameworkArduino.a(timer.o)
                0x000000000800c868                __irq_tim1_trg_com
 .text.__irq_tim1_cc
                0x000000000800c8a0       0x54 .pioenvs/bluepill_f103c8/libFrameworkArduino.a(timer.o)
                0x000000000800c8a0                __irq_tim1_cc
 .text.__irq_tim2
                0x000000000800c8f4       0x70 .pioenvs/bluepill_f103c8/libFrameworkArduino.a(timer.o)
                0x000000000800c8f4                __irq_tim2
 .text.__irq_tim3
                0x000000000800c964       0x70 .pioenvs/bluepill_f103c8/libFrameworkArduino.a(timer.o)
                0x000000000800c964                __irq_tim3
 .text.__irq_tim4
                0x000000000800c9d4       0x70 .pioenvs/bluepill_f103c8/libFrameworkArduino.a(timer.o)
                0x000000000800c9d4                __irq_tim4
 .text.usart_init
                0x000000000800ca44       0x4c .pioenvs/bluepill_f103c8/libFrameworkArduino.a(usart.o)
                0x000000000800ca44                usart_init
 .text.usart_enable
                0x000000000800ca90       0x14 .pioenvs/bluepill_f103c8/libFrameworkArduino.a(usart.o)
                0x000000000800ca90                usart_enable
 .text.usart_tx
                0x000000000800caa4       0x9c .pioenvs/bluepill_f103c8/libFrameworkArduino.a(usart.o)
                0x000000000800caa4                usart_tx
 .text.rb_remove
                0x000000000800cb40       0x24 .pioenvs/bluepill_f103c8/libFrameworkArduino.a(usart_f1.o)
 .text.rb_push_insert
                0x000000000800cb64       0x52 .pioenvs/bluepill_f103c8/libFrameworkArduino.a(usart_f1.o)
 .text.usart_config_gpios_async
                0x000000000800cbb6       0x4a .pioenvs/bluepill_f103c8/libFrameworkArduino.a(usart_f1.o)
                0x000000000800cbb6                usart_config_gpios_async
 .text.usart_set_baud_rate
                0x000000000800cc00       0x3c .pioenvs/bluepill_f103c8/libFrameworkArduino.a(usart_f1.o)
                0x000000000800cc00                usart_set_baud_rate
 .text.__irq_usart1
                0x000000000800cc3c       0x54 .pioenvs/bluepill_f103c8/libFrameworkArduino.a(usart_f1.o)
                0x000000000800cc3c                __irq_usart1
 .text.__irq_usart2
                0x000000000800cc90       0x54 .pioenvs/bluepill_f103c8/libFrameworkArduino.a(usart_f1.o)
                0x000000000800cc90                __irq_usart2
 .text.__irq_usart3
                0x000000000800cce4       0x54 .pioenvs/bluepill_f103c8/libFrameworkArduino.a(usart_f1.o)
                0x000000000800cce4                __irq_usart3
 .text._usart_clock_freq
                0x000000000800cd38       0x24 .pioenvs/bluepill_f103c8/libFrameworkArduino.a(usart_private.o)
                0x000000000800cd38                _usart_clock_freq
 .text.throb    0x000000000800cd5c       0x4c .pioenvs/bluepill_f103c8/libFrameworkArduino.a(util.o)
                0x000000000800cd5c                throb
 .text.__error  0x000000000800cda8       0x14 .pioenvs/bluepill_f103c8/libFrameworkArduino.a(util.o)
                0x000000000800cda8                __error
 .text.startup._Z7premainv
                0x000000000800cdbc        0x4 .pioenvs/bluepill_f103c8/libFrameworkArduino.a(main.o)
                0x000000000800cdbc                premain()
 .text.startup.main
                0x000000000800cdc0        0xc .pioenvs/bluepill_f103c8/libFrameworkArduino.a(main.o)
                0x000000000800cdc0                main
 .text._Z17disableDebugPortsv
                0x000000000800cdcc       0x14 .pioenvs/bluepill_f103c8/libFrameworkArduino.a(wirish_debug.o)
                0x000000000800cdcc                disableDebugPorts()
 .text._Z7pinModeh13WiringPinMode
                0x000000000800cde0       0x84 .pioenvs/bluepill_f103c8/libFrameworkArduino.a(wirish_digital_f1.o)
                0x000000000800cde0                pinMode(unsigned char, WiringPinMode)
 .text._Z10analogReadh
                0x000000000800ce64       0x1c .pioenvs/bluepill_f103c8/libFrameworkArduino.a(wirish_analog.o)
                0x000000000800ce64                analogRead(unsigned char)
 .text._Z11digitalReadh
                0x000000000800ce80       0x2c .pioenvs/bluepill_f103c8/libFrameworkArduino.a(wirish_digital.o)
                0x000000000800ce80                digitalRead(unsigned char)
 .text._Z12digitalWritehh
                0x000000000800ceac       0x2c .pioenvs/bluepill_f103c8/libFrameworkArduino.a(wirish_digital.o)
                0x000000000800ceac                digitalWrite(unsigned char, unsigned char)
 .text.adc_init
                0x000000000800ced8       0x14 .pioenvs/bluepill_f103c8/libFrameworkArduino.a(adc.o)
                0x000000000800ced8                adc_init
 .text.adc_set_extsel
                0x000000000800ceec       0x12 .pioenvs/bluepill_f103c8/libFrameworkArduino.a(adc.o)
                0x000000000800ceec                adc_set_extsel
 .text.adc_set_sample_rate
                0x000000000800cefe       0x30 .pioenvs/bluepill_f103c8/libFrameworkArduino.a(adc.o)
                0x000000000800cefe                adc_set_sample_rate
 .text.adc_read
                0x000000000800cf2e       0x20 .pioenvs/bluepill_f103c8/libFrameworkArduino.a(adc.o)
                0x000000000800cf2e                adc_read
 .text.gpio_init
                0x000000000800cf4e       0x14 .pioenvs/bluepill_f103c8/libFrameworkArduino.a(gpio.o)
                0x000000000800cf4e                gpio_init
 .text.i2c_start_condition
                0x000000000800cf62       0x14 .pioenvs/bluepill_f103c8/libFrameworkArduino.a(i2c.o)
 .text.i2c_stop_condition
                0x000000000800cf76       0x1c .pioenvs/bluepill_f103c8/libFrameworkArduino.a(i2c.o)
 *fill*         0x000000000800cf92        0x2 
 .text._i2c_irq_handler
                0x000000000800cf94      0x16c .pioenvs/bluepill_f103c8/libFrameworkArduino.a(i2c.o)
                0x000000000800cf94                _i2c_irq_handler
 .text._i2c_irq_error_handler
                0x000000000800d100       0x2a .pioenvs/bluepill_f103c8/libFrameworkArduino.a(i2c.o)
                0x000000000800d100                _i2c_irq_error_handler
 *fill*         0x000000000800d12a        0x2 
 .text.rcc_dev_clk
                0x000000000800d12c        0xc .pioenvs/bluepill_f103c8/libFrameworkArduino.a(rcc.o)
                0x000000000800d12c                rcc_dev_clk
 .text.rcc_switch_sysclk
                0x000000000800d138       0x20 .pioenvs/bluepill_f103c8/libFrameworkArduino.a(rcc.o)
                0x000000000800d138                rcc_switch_sysclk
 .text.rcc_turn_on_clk
                0x000000000800d158       0x1a .pioenvs/bluepill_f103c8/libFrameworkArduino.a(rcc.o)
                0x000000000800d158                rcc_turn_on_clk
 .text.rcc_turn_off_clk
                0x000000000800d172       0x1c .pioenvs/bluepill_f103c8/libFrameworkArduino.a(rcc.o)
                0x000000000800d172                rcc_turn_off_clk
 .text.rcc_is_clk_ready
                0x000000000800d18e       0x18 .pioenvs/bluepill_f103c8/libFrameworkArduino.a(rcc.o)
                0x000000000800d18e                rcc_is_clk_ready
 *fill*         0x000000000800d1a6        0x2 
 .text          0x000000000800d1a8       0x2c /Users/josh/.platformio/packages/toolchain-gccarmnoneeabi@1.40804.0/bin/../lib/gcc/arm-none-eabi/4.8.4/armv7-m/libgcc.a(_aeabi_uldivmod.o)
                0x000000000800d1a8                __aeabi_uldivmod
 .text          0x000000000800d1d4       0x60 /Users/josh/.platformio/packages/toolchain-gccarmnoneeabi@1.40804.0/bin/../lib/gcc/arm-none-eabi/4.8.4/armv7-m/libgcc.a(bpabi.o)
                0x000000000800d1d4                __gnu_ldivmod_helper
                0x000000000800d204                __gnu_uldivmod_helper
 .text          0x000000000800d234        0x4 /Users/josh/.platformio/packages/toolchain-gccarmnoneeabi@1.40804.0/bin/../lib/gcc/arm-none-eabi/4.8.4/armv7-m/libgcc.a(_dvmd_tls.o)
                0x000000000800d234                __aeabi_ldiv0
                0x000000000800d234                __aeabi_idiv0
 .text          0x000000000800d238      0x2a0 /Users/josh/.platformio/packages/toolchain-gccarmnoneeabi@1.40804.0/bin/../lib/gcc/arm-none-eabi/4.8.4/armv7-m/libgcc.a(_divdi3.o)
                0x000000000800d238                __divdi3
 .text          0x000000000800d4d8      0x290 /Users/josh/.platformio/packages/toolchain-gccarmnoneeabi@1.40804.0/bin/../lib/gcc/arm-none-eabi/4.8.4/armv7-m/libgcc.a(_udivdi3.o)
                0x000000000800d4d8                __udivdi3
 .text.div      0x000000000800d768       0x40 /Users/josh/.platformio/packages/toolchain-gccarmnoneeabi@1.40804.0/bin/../lib/gcc/arm-none-eabi/4.8.4/../../../../arm-none-eabi/lib/armv7-m/libc.a(lib_a-div.o)
                0x000000000800d768                div
 .text.ldiv     0x000000000800d7a8       0x40 /Users/josh/.platformio/packages/toolchain-gccarmnoneeabi@1.40804.0/bin/../lib/gcc/arm-none-eabi/4.8.4/../../../../arm-none-eabi/lib/armv7-m/libc.a(lib_a-ldiv.o)
                0x000000000800d7a8                ldiv
 .text.malloc   0x000000000800d7e8       0x10 /Users/josh/.platformio/packages/toolchain-gccarmnoneeabi@1.40804.0/bin/../lib/gcc/arm-none-eabi/4.8.4/../../../../arm-none-eabi/lib/armv7-m/libc.a(lib_a-malloc.o)
                0x000000000800d7e8                malloc
 .text.free     0x000000000800d7f8       0x10 /Users/josh/.platformio/packages/toolchain-gccarmnoneeabi@1.40804.0/bin/../lib/gcc/arm-none-eabi/4.8.4/../../../../arm-none-eabi/lib/armv7-m/libc.a(lib_a-malloc.o)
                0x000000000800d7f8                free
 .text._malloc_r
                0x000000000800d808      0x538 /Users/josh/.platformio/packages/toolchain-gccarmnoneeabi@1.40804.0/bin/../lib/gcc/arm-none-eabi/4.8.4/../../../../arm-none-eabi/lib/armv7-m/libc.a(lib_a-mallocr.o)
                0x000000000800d808                _malloc_r
 .text          0x000000000800dd40       0xec /Users/josh/.platformio/packages/toolchain-gccarmnoneeabi@1.40804.0/bin/../lib/gcc/arm-none-eabi/4.8.4/../../../../arm-none-eabi/lib/armv7-m/libc.a(lib_a-memcpy.o)
                0x000000000800dd40                memcpy
 .text.__malloc_lock
                0x000000000800de2c        0x4 /Users/josh/.platformio/packages/toolchain-gccarmnoneeabi@1.40804.0/bin/../lib/gcc/arm-none-eabi/4.8.4/../../../../arm-none-eabi/lib/armv7-m/libc.a(lib_a-mlock.o)
                0x000000000800de2c                __malloc_lock
 .text.__malloc_unlock
                0x000000000800de30        0x4 /Users/josh/.platformio/packages/toolchain-gccarmnoneeabi@1.40804.0/bin/../lib/gcc/arm-none-eabi/4.8.4/../../../../arm-none-eabi/lib/armv7-m/libc.a(lib_a-mlock.o)
                0x000000000800de30                __malloc_unlock
 .text._sbrk_r  0x000000000800de34       0x24 /Users/josh/.platformio/packages/toolchain-gccarmnoneeabi@1.40804.0/bin/../lib/gcc/arm-none-eabi/4.8.4/../../../../arm-none-eabi/lib/armv7-m/libc.a(lib_a-sbrkr.o)
                0x000000000800de34                _sbrk_r
 .text.sbrk     0x000000000800de58       0x10 /Users/josh/.platformio/packages/toolchain-gccarmnoneeabi@1.40804.0/bin/../lib/gcc/arm-none-eabi/4.8.4/../../../../arm-none-eabi/lib/armv7-m/libc.a(lib_a-syssbrk.o)
                0x000000000800de58                sbrk
 .text._malloc_trim_r
                0x000000000800de68       0x9c /Users/josh/.platformio/packages/toolchain-gccarmnoneeabi@1.40804.0/bin/../lib/gcc/arm-none-eabi/4.8.4/../../../../arm-none-eabi/lib/armv7-m/libc.a(lib_a-freer.o)
                0x000000000800de68                _malloc_trim_r
 .text._free_r  0x000000000800df04      0x198 /Users/josh/.platformio/packages/toolchain-gccarmnoneeabi@1.40804.0/bin/../lib/gcc/arm-none-eabi/4.8.4/../../../../arm-none-eabi/lib/armv7-m/libc.a(lib_a-freer.o)
                0x000000000800df04                _free_r
 .text._ZN11EEPROMClass12EE_CheckPageEmt
                0x000000000800e09c       0x32 .pioenvs/bluepill_f103c8/lib/libEEPROM.a(EEPROM.o)
                0x000000000800e09c                EEPROMClass::EE_CheckPage(unsigned long, unsigned short)
 .text._ZN11EEPROMClass12EE_ErasePageEm
                0x000000000800e0ce       0x3e .pioenvs/bluepill_f103c8/lib/libEEPROM.a(EEPROM.o)
                0x000000000800e0ce                EEPROMClass::EE_ErasePage(unsigned long)
 .text._ZN11EEPROMClass17EE_CheckErasePageEmt
                0x000000000800e10c       0x2a .pioenvs/bluepill_f103c8/lib/libEEPROM.a(EEPROM.o)
                0x000000000800e10c                EEPROMClass::EE_CheckErasePage(unsigned long, unsigned short)
 .text._ZN11EEPROMClass16EE_FindValidPageEv
                0x000000000800e136       0x2e .pioenvs/bluepill_f103c8/lib/libEEPROM.a(EEPROM.o)
                0x000000000800e136                EEPROMClass::EE_FindValidPage()
 .text._ZN11EEPROMClass20EE_GetVariablesCountEmt
                0x000000000800e164       0x3a .pioenvs/bluepill_f103c8/lib/libEEPROM.a(EEPROM.o)
                0x000000000800e164                EEPROMClass::EE_GetVariablesCount(unsigned long, unsigned short)
 .text._ZN11EEPROMClass15EE_PageTransferEmmt
                0x000000000800e19e       0xa0 .pioenvs/bluepill_f103c8/lib/libEEPROM.a(EEPROM.o)
                0x000000000800e19e                EEPROMClass::EE_PageTransfer(unsigned long, unsigned long, unsigned short)
 .text._ZN11EEPROMClass30EE_VerifyPageFullWriteVariableEtt
                0x000000000800e23e       0xe4 .pioenvs/bluepill_f103c8/lib/libEEPROM.a(EEPROM.o)
                0x000000000800e23e                EEPROMClass::EE_VerifyPageFullWriteVariable(unsigned short, unsigned short)
 .text._ZN11EEPROMClass6formatEv
                0x000000000800e322       0x3e .pioenvs/bluepill_f103c8/lib/libEEPROM.a(EEPROM.o)
                0x000000000800e322                EEPROMClass::format()
 .text._ZN11EEPROMClass4initEv
                0x000000000800e360       0xcc .pioenvs/bluepill_f103c8/lib/libEEPROM.a(EEPROM.o)
                0x000000000800e360                EEPROMClass::init()
 .text._ZN11EEPROMClass4readEtPt
                0x000000000800e42c       0x50 .pioenvs/bluepill_f103c8/lib/libEEPROM.a(EEPROM.o)
                0x000000000800e42c                EEPROMClass::read(unsigned short, unsigned short*)
 .text._ZN11EEPROMClass4readEt
                0x000000000800e47c       0x14 .pioenvs/bluepill_f103c8/lib/libEEPROM.a(EEPROM.o)
                0x000000000800e47c                EEPROMClass::read(unsigned short)
 .text._ZN11EEPROMClass5writeEtt
                0x000000000800e490       0x32 .pioenvs/bluepill_f103c8/lib/libEEPROM.a(EEPROM.o)
                0x000000000800e490                EEPROMClass::write(unsigned short, unsigned short)
 .text._ZN11EEPROMClass6updateEtt
                0x000000000800e4c2       0x22 .pioenvs/bluepill_f103c8/lib/libEEPROM.a(EEPROM.o)
                0x000000000800e4c2                EEPROMClass::update(unsigned short, unsigned short)
 .text.startup._GLOBAL__sub_I__ZN11EEPROMClass12EE_CheckPageEmt
                0x000000000800e4e4       0x20 .pioenvs/bluepill_f103c8/lib/libEEPROM.a(EEPROM.o)
 .text.FLASH_GetStatus
                0x000000000800e504       0x34 .pioenvs/bluepill_f103c8/lib/libEEPROM.a(flash_stm32.o)
                0x000000000800e504                FLASH_GetStatus
 .text.FLASH_WaitForLastOperation
                0x000000000800e538       0x36 .pioenvs/bluepill_f103c8/lib/libEEPROM.a(flash_stm32.o)
                0x000000000800e538                FLASH_WaitForLastOperation
 *fill*         0x000000000800e56e        0x2 
 .text.FLASH_ErasePage
                0x000000000800e570       0x44 .pioenvs/bluepill_f103c8/lib/libEEPROM.a(flash_stm32.o)
                0x000000000800e570                FLASH_ErasePage
 .text.FLASH_ProgramHalfWord
                0x000000000800e5b4       0x4c .pioenvs/bluepill_f103c8/lib/libEEPROM.a(flash_stm32.o)
                0x000000000800e5b4                FLASH_ProgramHalfWord
 .text.FLASH_Unlock
                0x000000000800e600       0x18 .pioenvs/bluepill_f103c8/lib/libEEPROM.a(flash_stm32.o)
                0x000000000800e600                FLASH_Unlock
 .text._ZL18adc_default_configP7adc_dev
                0x000000000800e618       0x1c .pioenvs/bluepill_f103c8/libFrameworkArduinoVariant.a(boards.o)
 .text._ZL20timer_default_configP9timer_dev
                0x000000000800e634       0x9e .pioenvs/bluepill_f103c8/libFrameworkArduinoVariant.a(boards.o)
 *fill*         0x000000000800e6d2        0x2 
 .text._Z4initv
                0x000000000800e6d4       0xbc .pioenvs/bluepill_f103c8/libFrameworkArduinoVariant.a(boards.o)
                0x000000000800e6d4                init()
 .text._ZN6wirish4priv15board_reset_pllEv
                0x000000000800e790        0x2 .pioenvs/bluepill_f103c8/libFrameworkArduinoVariant.a(boards_setup.o)
                0x000000000800e790                wirish::priv::board_reset_pll()
 .text._ZN6wirish4priv28board_setup_clock_prescalersEv
                0x000000000800e792       0x2e .pioenvs/bluepill_f103c8/libFrameworkArduinoVariant.a(boards_setup.o)
                0x000000000800e792                wirish::priv::board_setup_clock_prescalers()
 .text._ZN6wirish4priv16board_setup_gpioEv
                0x000000000800e7c0        0x4 .pioenvs/bluepill_f103c8/libFrameworkArduinoVariant.a(boards_setup.o)
                0x000000000800e7c0                wirish::priv::board_setup_gpio()
 .text._ZN6wirish4priv15board_setup_usbEv
                0x000000000800e7c4        0x2 .pioenvs/bluepill_f103c8/libFrameworkArduinoVariant.a(boards_setup.o)
                0x000000000800e7c4                wirish::priv::board_setup_usb()
 .text._ZN6wirish4priv11series_initEv
                0x000000000800e7c6        0x4 .pioenvs/bluepill_f103c8/libFrameworkArduinoVariant.a(boards_setup.o)
                0x000000000800e7c6                wirish::priv::series_init()
 *fill*         0x000000000800e7ca        0x2 
 .text._sbrk    0x000000000800e7cc       0x44 .pioenvs/bluepill_f103c8/libFrameworkArduinoVariant.a(syscalls.o)
                0x000000000800e7cc                _sbrk
 .text.flash_set_latency
                0x000000000800e810       0x14 .pioenvs/bluepill_f103c8/libFrameworkArduino.a(flash.o)
                0x000000000800e810                flash_set_latency
 .text.__errno  0x000000000800e824        0xc /Users/josh/.platformio/packages/toolchain-gccarmnoneeabi@1.40804.0/bin/../lib/gcc/arm-none-eabi/4.8.4/../../../../arm-none-eabi/lib/armv7-m/libc.a(lib_a-errno.o)
                0x000000000800e824                __errno
 *(.plt)
 *(.gnu.warning)
 *(.glue_7t)
 .glue_7t       0x0000000000000000        0x0 linker stubs
 *(.glue_7)
 .glue_7        0x0000000000000000        0x0 linker stubs
 *(.vfp11_veneer)
 .vfp11_veneer  0x0000000000000000        0x0 linker stubs
 *(.ARM.extab* .gnu.linkonce.armextab.*)
 *(.gcc_except_table)
 *(.eh_frame_hdr)
 *(.eh_frame)
 .eh_frame      0x000000000800e830        0x0 /Users/josh/.platformio/packages/toolchain-gccarmnoneeabi@1.40804.0/bin/../lib/gcc/arm-none-eabi/4.8.4/armv7-m/crtbegin.o
                0x000000000800e830                . = ALIGN (0x4)
 *(.init)
 .init          0x000000000800e830        0x4 /Users/josh/.platformio/packages/toolchain-gccarmnoneeabi@1.40804.0/bin/../lib/gcc/arm-none-eabi/4.8.4/armv7-m/crti.o
                0x000000000800e830                _init
 .init          0x000000000800e834        0x8 /Users/josh/.platformio/packages/toolchain-gccarmnoneeabi@1.40804.0/bin/../lib/gcc/arm-none-eabi/4.8.4/armv7-m/crtn.o
                0x000000000800e83c                . = ALIGN (0x4)
                0x000000000800e83c                __preinit_array_start = .
 *(.preinit_array)
                0x000000000800e83c                __preinit_array_end = .
                0x000000000800e83c                . = ALIGN (0x4)
                0x000000000800e83c                __init_array_start = .
 *(SORT(.init_array.*))
 .init_array.00000
                0x000000000800e83c        0x4 /Users/josh/.platformio/packages/toolchain-gccarmnoneeabi@1.40804.0/bin/../lib/gcc/arm-none-eabi/4.8.4/../../../../arm-none-eabi/lib/armv7-m/libc.a(lib_a-__call_atexit.o)
 .init_array.00101
                0x000000000800e840        0x4 .pioenvs/bluepill_f103c8/libFrameworkArduino.a(main.o)
 *(.init_array)
 .init_array    0x000000000800e844        0x4 /Users/josh/.platformio/packages/toolchain-gccarmnoneeabi@1.40804.0/bin/../lib/gcc/arm-none-eabi/4.8.4/armv7-m/crtbegin.o
 .init_array    0x000000000800e848        0x4 .pioenvs/bluepill_f103c8/src/speeduino.ino.o
 .init_array    0x000000000800e84c        0x4 .pioenvs/bluepill_f103c8/libFrameworkArduinoVariant.a(board.o)
 .init_array    0x000000000800e850        0x4 .pioenvs/bluepill_f103c8/libFrameworkArduino.a(HardwareTimer.o)
 .init_array    0x000000000800e854        0x4 .pioenvs/bluepill_f103c8/lib/libEEPROM.a(EEPROM.o)
                0x000000000800e858                __init_array_end = .
                0x000000000800e858                . = ALIGN (0x4)
 *crtbegin.o(.ctors)
 *(EXCLUDE_FILE(*crtend.o) .ctors)
 *(SORT(.ctors.*))
 *crtend.o(.ctors)
                0x000000000800e858                . = ALIGN (0x4)
 *(.fini)
 .fini          0x000000000800e858        0x4 /Users/josh/.platformio/packages/toolchain-gccarmnoneeabi@1.40804.0/bin/../lib/gcc/arm-none-eabi/4.8.4/armv7-m/crti.o
                0x000000000800e858                _fini
 .fini          0x000000000800e85c        0x8 /Users/josh/.platformio/packages/toolchain-gccarmnoneeabi@1.40804.0/bin/../lib/gcc/arm-none-eabi/4.8.4/armv7-m/crtn.o
                0x000000000800e864                . = ALIGN (0x4)
                0x000000000800e864                __fini_array_start = .
 *(.fini_array)
 .fini_array    0x000000000800e864        0x4 /Users/josh/.platformio/packages/toolchain-gccarmnoneeabi@1.40804.0/bin/../lib/gcc/arm-none-eabi/4.8.4/armv7-m/crtbegin.o
 *(SORT(.fini_array.*))
                0x000000000800e868                __fini_array_end = .
 *crtbegin.o(.dtors)
 *(EXCLUDE_FILE(*crtend.o) .dtors)
 *(SORT(.dtors.*))
 *crtend.o(.dtors)

.v4_bx          0x000000000800e868        0x0
 .v4_bx         0x0000000000000000        0x0 linker stubs

.iplt           0x000000000800e868        0x0
 .iplt          0x0000000000000000        0x0 /Users/josh/.platformio/packages/toolchain-gccarmnoneeabi@1.40804.0/bin/../lib/gcc/arm-none-eabi/4.8.4/armv7-m/crtbegin.o

.text.align     0x000000000800e868        0x0
                0x000000000800e868                . = ALIGN (0x8)
                0x000000000800e868                __text_end__ = .
                0x000000000800e868                __exidx_start = .

.ARM.exidx      0x000000000800e868        0x8
 *(.ARM.exidx* .gnu.linkonce.armexidx.*)
 .ARM.exidx     0x000000000800e868        0x8 .pioenvs/bluepill_f103c8/libFrameworkArduinoVariant.a(start.o)
 .ARM.exidx     0x000000000800e870        0x0 /Users/josh/.platformio/packages/toolchain-gccarmnoneeabi@1.40804.0/bin/../lib/gcc/arm-none-eabi/4.8.4/armv7-m/libgcc.a(_divdi3.o)
                                          0x8 (size before relaxing)
 .ARM.exidx     0x000000000800e870        0x0 /Users/josh/.platformio/packages/toolchain-gccarmnoneeabi@1.40804.0/bin/../lib/gcc/arm-none-eabi/4.8.4/armv7-m/libgcc.a(_udivdi3.o)
                                          0x8 (size before relaxing)
                0x000000000800e870                __exidx_end = .

.data           0x0000000020000000      0xbc0 load address 0x000000000800e870
                0x0000000020000000                __data_start__ = .
                0x0000000020000000        0x4 LONG 0x0
                0x0000000020000008                . = ALIGN (0x8)
 *fill*         0x0000000020000004        0x4 
 *(.got.plt)
 *(.got)
 *(.data .data.* .gnu.linkonce.d.*)
 .data.impure_data
                0x0000000020000008      0x428 /Users/josh/.platformio/packages/toolchain-gccarmnoneeabi@1.40804.0/bin/../lib/gcc/arm-none-eabi/4.8.4/../../../../arm-none-eabi/lib/armv7-m/libc.a(lib_a-impure.o)
 .data._impure_ptr
                0x0000000020000430        0x4 /Users/josh/.platformio/packages/toolchain-gccarmnoneeabi@1.40804.0/bin/../lib/gcc/arm-none-eabi/4.8.4/../../../../arm-none-eabi/lib/armv7-m/libc.a(lib_a-impure.o)
                0x0000000020000430                _impure_ptr
 .data.CRANK_ANGLE_MAX_INJ
                0x0000000020000434        0x4 .pioenvs/bluepill_f103c8/src/speeduino.ino.o
                0x0000000020000434                CRANK_ANGLE_MAX_INJ
 .data.CRANK_ANGLE_MAX_IGN
                0x0000000020000438        0x4 .pioenvs/bluepill_f103c8/src/speeduino.ino.o
                0x0000000020000438                CRANK_ANGLE_MAX_IGN
 .data.CRANK_ANGLE_MAX
                0x000000002000043c        0x4 .pioenvs/bluepill_f103c8/src/speeduino.ino.o
                0x000000002000043c                CRANK_ANGLE_MAX
 .data.currentPage
                0x0000000020000440        0x1 .pioenvs/bluepill_f103c8/src/speeduino.ino.o
                0x0000000020000440                currentPage
 .data._ZL8coilHIGH
                0x0000000020000441        0x1 .pioenvs/bluepill_f103c8/src/speeduino.ino.o
 .data.channel1InjEnabled
                0x0000000020000442        0x1 .pioenvs/bluepill_f103c8/src/speeduino.ino.o
                0x0000000020000442                channel1InjEnabled
 *fill*         0x0000000020000443        0x1 
 .data.MAX_STALL_TIME
                0x0000000020000444        0x4 .pioenvs/bluepill_f103c8/src/speeduino.ino.o
                0x0000000020000444                MAX_STALL_TIME
 .data.isMap    0x0000000020000448        0x1 .pioenvs/bluepill_f103c8/src/speeduino.ino.o
                0x0000000020000448                isMap
 .data._ZL7fanHIGH
                0x0000000020000449        0x1 .pioenvs/bluepill_f103c8/src/speeduino.ino.o
 .data.idleInitComplete
                0x000000002000044a        0x1 .pioenvs/bluepill_f103c8/src/speeduino.ino.o
                0x000000002000044a                idleInitComplete
 .data.tachoAlt
                0x000000002000044b        0x1 .pioenvs/bluepill_f103c8/src/speeduino.ino.o
                0x000000002000044b                tachoAlt
 .data.maxIgnOutputs
                0x000000002000044c        0x1 .pioenvs/bluepill_f103c8/src/speeduino.ino.o
                0x000000002000044c                maxIgnOutputs
 *fill*         0x000000002000044d        0x3 
 .data.adc2     0x0000000020000450        0x8 .pioenvs/bluepill_f103c8/libFrameworkArduino.a(adc_f1.o)
                0x0000000020000450                adc2
 .data.adc1     0x0000000020000458       0x18 .pioenvs/bluepill_f103c8/libFrameworkArduino.a(adc_f1.o)
                0x0000000020000458                adc1
 .data.ADC2     0x0000000020000470        0x4 .pioenvs/bluepill_f103c8/libFrameworkArduino.a(adc_f1.o)
                0x0000000020000470                ADC2
 .data.ADC1     0x0000000020000474        0x4 .pioenvs/bluepill_f103c8/libFrameworkArduino.a(adc_f1.o)
                0x0000000020000474                ADC1
 .data.dma1     0x0000000020000478       0x40 .pioenvs/bluepill_f103c8/libFrameworkArduino.a(dma_f1.o)
 .data.DMA1     0x00000000200004b8        0x4 .pioenvs/bluepill_f103c8/libFrameworkArduino.a(dma_f1.o)
                0x00000000200004b8                DMA1
 .data.gpioa    0x00000000200004bc        0x8 .pioenvs/bluepill_f103c8/libFrameworkArduino.a(gpio_f1.o)
                0x00000000200004bc                gpioa
 .data.gpiob    0x00000000200004c4        0x8 .pioenvs/bluepill_f103c8/libFrameworkArduino.a(gpio_f1.o)
                0x00000000200004c4                gpiob
 .data.gpioc    0x00000000200004cc        0x8 .pioenvs/bluepill_f103c8/libFrameworkArduino.a(gpio_f1.o)
                0x00000000200004cc                gpioc
 .data.gpiod    0x00000000200004d4        0x8 .pioenvs/bluepill_f103c8/libFrameworkArduino.a(gpio_f1.o)
                0x00000000200004d4                gpiod
 .data.i2c1     0x00000000200004dc       0x24 .pioenvs/bluepill_f103c8/libFrameworkArduino.a(i2c_f1.o)
 .data.i2c2     0x0000000020000500       0x24 .pioenvs/bluepill_f103c8/libFrameworkArduino.a(i2c_f1.o)
 .data.reset_regs.4418
                0x0000000020000524        0x8 .pioenvs/bluepill_f103c8/libFrameworkArduino.a(rcc_f1.o)
 .data.enable_regs.4414
                0x000000002000052c        0xc .pioenvs/bluepill_f103c8/libFrameworkArduino.a(rcc_f1.o)
 .data.enable_regs.4427